172.19.0.1 - - [25/Nov/2020:03:43:08 +0800] "POST /api/license/heartbeat HTTP/1.1" 200 52 "https://192.168.30.194:9999" "axios/0.18.1" "-"
10.11.44.192 - - [25/Nov/2020:03:43:37 +0800] "GET /api/securityPosture/direction/10/rankList/attackedAssetDomain?beginTime=2020-11-19+00:00:00&endTime=2020-11-25+03:43:37&size=100 HTTP/1.1" 200 475 "https://192.168.30.194/index.html" "Mozilla/5.0 (Macintosh; Intel Mac OS X 10_15_7) AppleWebKit/537.36 (KHTML, like Gecko) Chrome/87.0.4280.67 Safari/537.36" "-"
10.11.44.192 - - [25/Nov/2020:03:43:37 +0800] "GET /api/securityPosture/direction/10/rankList/attackSourceCountry?beginTime=2020-11-19+00:00:00&endTime=2020-11-25+03:43:37&size=100 HTTP/1.1" 200 605 "https://192.168.30.194/index.html" "Mozilla/5.0 (Macintosh; Intel Mac OS X 10_15_7) AppleWebKit/537.36 (KHTML, like Gecko) Chrome/87.0.4280.67 Safari/537.36" "-"
10.11.44.192 - - [25/Nov/2020:03:43:37 +0800] "GET /api/securityPosture/direction/10/rankList/attackSourceRegion?beginTime=2020-11-19+00:00:00&endTime=2020-11-25+03:43:37&size=100 HTTP/1.1" 200 1109 "https://192.168.30.194/index.html" "Mozilla/5.0 (Macintosh; Intel Mac OS X 10_15_7) AppleWebKit/537.36 (KHTML, like Gecko) Chrome/87.0.4280.67 Safari/537.36" "-"
10.11.44.192 - - [25/Nov/2020:03:43:37 +0800] "GET /api/securityPosture/direction/10/alarmTrend?beginTime=2020-11-19+00:00:00&endTime=2020-11-25+03:43:37 HTTP/1.1" 200 516 "https://192.168.30.194/index.html" "Mozilla/5.0 (Macintosh; Intel Mac OS X 10_15_7) AppleWebKit/537.36 (KHTML, like Gecko) Chrome/87.0.4280.67 Safari/537.36" "-"
10.11.44.192 - - [25/Nov/2020:03:43:37 +0800] "GET /api/securityPosture/direction/10/alarmStatistics?beginTime=2020-11-19+00:00:00&endTime=2020-11-25+03:43:37 HTTP/1.1" 200 256 "https://192.168.30.194/index.html" "Mozilla/5.0 (Macintosh; Intel Mac OS X 10_15_7) AppleWebKit/537.36 (KHTML, like Gecko) Chrome/87.0.4280.67 Safari/537.36" "-"
10.11.44.192 - - [25/Nov/2020:03:43:37 +0800] "GET /api/securityPosture/direction/10/rankList/attackSource?beginTime=2020-11-19+00:00:00&endTime=2020-11-25+03:43:37&size=100 HTTP/1.1" 200 3876 "https://192.168.30.194/index.html" "Mozilla/5.0 (Macintosh; Intel Mac OS X 10_15_7) AppleWebKit/537.36 (KHTML, like Gecko) Chrome/87.0.4280.67 Safari/537.36" "-"
10.11.44.192 - - [25/Nov/2020:03:43:37 +0800] "GET /api/securityPosture/direction/10/rankList/attackType?beginTime=2020-11-19+00:00:00&endTime=2020-11-25+03:43:37&size=100 HTTP/1.1" 200 3487 "https://192.168.30.194/index.html" "Mozilla/5.0 (Macintosh; Intel Mac OS X 10_15_7) AppleWebKit/537.36 (KHTML, like Gecko) Chrome/87.0.4280.67 Safari/537.36" "-"
10.11.44.192 - - [25/Nov/2020:03:43:37 +0800] "GET /api/securityPosture/direction/10/rankList/attackedAsset?beginTime=2020-11-19+00:00:00&endTime=2020-11-25+03:43:37&size=100 HTTP/1.1" 200 5843 "https://192.168.30.194/index.html" "Mozilla/5.0 (Macintosh; Intel Mac OS X 10_15_7) AppleWebKit/537.36 (KHTML, like Gecko) Chrome/87.0.4280.67 Safari/537.36" "-"
10.11.44.192 - - [25/Nov/2020:03:43:37 +0800] "GET /api/securityPosture/direction/10/alarmMap?beginTime=2020-11-19+00:00:00&endTime=2020-11-25+03:43:37 HTTP/1.1" 200 5490 "https://192.168.30.194/index.html" "Mozilla/5.0 (Macintosh; Intel Mac OS X 10_15_7) AppleWebKit/537.36 (KHTML, like Gecko) Chrome/87.0.4280.67 Safari/537.36" "-"
10.11.44.192 - - [25/Nov/2020:03:43:37 +0800] "GET /api/securityPosture/direction/10/realTimeAlarmScroll?beginTime=2020-11-19+00:00:00&endTime=2020-11-25+03:43:37&size=50 HTTP/1.1" 200 39990 "https://192.168.30.194/index.html" "Mozilla/5.0 (Macintosh; Intel Mac OS X 10_15_7) AppleWebKit/537.36 (KHTML, like Gecko) Chrome/87.0.4280.67 Safari/537.36" "-"
10.11.44.192 - - [25/Nov/2020:03:43:38 +0800] "GET /api/securityPosture/direction/10/killChainStatistics?beginTime=2020-11-19+00:00:00&endTime=2020-11-25+03:43:37 HTTP/1.1" 200 6092 "https://192.168.30.194/index.html" "Mozilla/5.0 (Macintosh; Intel Mac OS X 10_15_7) AppleWebKit/537.36 (KHTML, like Gecko) Chrome/87.0.4280.67 Safari/537.36" "-"
172.19.0.1 - - [25/Nov/2020:03:43:39 +0800] "POST /api/license/heartbeat HTTP/1.1" 200 52 "https://192.168.30.194:9999" "axios/0.18.1" "-"
192.168.33.165 - - [25/Nov/2020:03:43:59 +0800] "GET /api/securityManager/getSecurityZoneCache?apiKey=HYiAERrVecKWWdKay4Isl7E8F1OUCM1V HTTP/1.1" 200 3077 "-" "-" "-"
192.168.33.165 - - [25/Nov/2020:03:43:59 +0800] "GET /api/configureManager/getIpConfigCache?apiKey=HYiAERrVecKWWdKay4Isl7E8F1OUCM1V HTTP/1.1" 200 406 "-" "-" "-"
192.168.33.165 - - [25/Nov/2020:03:43:59 +0800] "POST /api/correlation/dpi?types=Rule%20Engine&types=IntelligenceCollision HTTP/1.1" 302 0 "-" "-" "-"
172.19.0.1 - - [25/Nov/2020:03:44:10 +0800] "POST /api/license/heartbeat HTTP/1.1" 200 52 "https://192.168.30.194:9999" "axios/0.18.1" "-"
172.19.0.1 - - [25/Nov/2020:03:44:41 +0800] "POST /api/license/heartbeat HTTP/1.1" 200 52 "https://192.168.30.194:9999" "axios/0.18.1" "-"
172.19.0.1 - - [25/Nov/2020:03:45:12 +0800] "POST /api/license/heartbeat HTTP/1.1" 200 52 "https://192.168.30.194:9999" "axios/0.18.1" "-"
10.11.35.255 - - [25/Nov/2020:03:45:14 +0800] "GET /api/operation/reminder?close=false HTTP/1.1" 200 97 "https://192.168.30.194/" "Mozilla/5.0 (Windows NT 10.0; Win64; x64) AppleWebKit/537.36 (KHTML, like Gecko) Chrome/86.0.4240.111 Safari/537.36" "-"
172.19.0.1 - - [25/Nov/2020:03:45:43 +0800] "POST /api/license/heartbeat HTTP/1.1" 200 52 "https://192.168.30.194:9999" "axios/0.18.1" "-"
172.19.0.1 - - [25/Nov/2020:03:46:13 +0800] "POST /api/license/heartbeat HTTP/1.1" 200 52 "https://192.168.30.194:9999" "axios/0.18.1" "-"
10.14.0.163 - - [25/Nov/2020:03:46:40 +0800] "GET /api/operation/reminder?close=false HTTP/1.1" 200 97 "https://192.168.30.194/index.html" "Mozilla/5.0 (Windows NT 10.0; Win64; x64) AppleWebKit/537.36 (KHTML, like Gecko) Chrome/87.0.4280.66 Safari/537.36" "-"
172.19.0.1 - - [25/Nov/2020:03:46:44 +0800] "POST /api/license/heartbeat HTTP/1.1" 200 52 "https://192.168.30.194:9999" "axios/0.18.1" "-"
172.19.0.1 - - [25/Nov/2020:03:47:15 +0800] "POST /api/license/heartbeat HTTP/1.1" 200 52 "https://192.168.30.194:9999" "axios/0.18.1" "-"
192.168.33.191 - - [25/Nov/2020:03:47:20 +0800] "GET /api/securityManager/getSecurityZoneCache?apiKey=HYiAERrVecKWWdKay4Isl7E8F1OUCM1V HTTP/1.1" 200 3077 "-" "-" "-"
192.168.33.191 - - [25/Nov/2020:03:47:20 +0800] "GET /api/configureManager/getIpConfigCache?apiKey=HYiAERrVecKWWdKay4Isl7E8F1OUCM1V HTTP/1.1" 200 406 "-" "-" "-"
10.50.1.121 - - [25/Nov/2020:03:47:26 +0800] "GET /api/securityManager/getSecurityZoneCache?apiKey=HYiAERrVecKWWdKay4Isl7E8F1OUCM1V HTTP/1.1" 200 3077 "-" "Mozilla/5.0" "-"
10.50.1.121 - - [25/Nov/2020:03:47:26 +0800] "GET /api/configureManager/getIpConfigCache?apiKey=HYiAERrVecKWWdKay4Isl7E8F1OUCM1V HTTP/1.1" 200 406 "-" "Mozilla/5.0" "-"
10.11.35.255 - - [25/Nov/2020:03:47:26 +0800] "GET /api/operation/reminder?close=false HTTP/1.1" 200 97 "https://192.168.30.194/index.html" "Mozilla/5.0 (Windows NT 10.0; Win64; x64) AppleWebKit/537.36 (KHTML, like Gecko) Chrome/86.0.4240.111 Safari/537.36" "-"
10.11.35.255 - - [25/Nov/2020:03:47:34 +0800] "GET /api/operation/reminder?close=false HTTP/1.1" 200 97 "https://192.168.30.194/index.html" "Mozilla/5.0 (Windows NT 10.0; Win64; x64) AppleWebKit/537.36 (KHTML, like Gecko) Chrome/86.0.4240.111 Safari/537.36" "-"
172.19.0.1 - - [25/Nov/2020:03:47:45 +0800] "POST /api/license/heartbeat HTTP/1.1" 200 52 "https://192.168.30.194:9999" "axios/0.18.1" "-"
172.19.0.1 - - [25/Nov/2020:03:48:16 +0800] "POST /api/license/heartbeat HTTP/1.1" 200 52 "https://192.168.30.194:9999" "axios/0.18.1" "-"
10.11.44.192 - - [25/Nov/2020:03:48:37 +0800] "GET /api/securityPosture/direction/10/rankList/attackedAssetDomain?beginTime=2020-11-19+00:00:00&endTime=2020-11-25+03:48:37&size=100 HTTP/1.1" 200 475 "https://192.168.30.194/index.html" "Mozilla/5.0 (Macintosh; Intel Mac OS X 10_15_7) AppleWebKit/537.36 (KHTML, like Gecko) Chrome/87.0.4280.67 Safari/537.36" "-"
10.11.44.192 - - [25/Nov/2020:03:48:37 +0800] "GET /api/securityPosture/direction/10/rankList/attackType?beginTime=2020-11-19+00:00:00&endTime=2020-11-25+03:48:37&size=100 HTTP/1.1" 200 3487 "https://192.168.30.194/index.html" "Mozilla/5.0 (Macintosh; Intel Mac OS X 10_15_7) AppleWebKit/537.36 (KHTML, like Gecko) Chrome/87.0.4280.67 Safari/537.36" "-"
10.11.44.192 - - [25/Nov/2020:03:48:37 +0800] "GET /api/securityPosture/direction/10/rankList/attackSourceCountry?beginTime=2020-11-19+00:00:00&endTime=2020-11-25+03:48:37&size=100 HTTP/1.1" 200 605 "https://192.168.30.194/index.html" "Mozilla/5.0 (Macintosh; Intel Mac OS X 10_15_7) AppleWebKit/537.36 (KHTML, like Gecko) Chrome/87.0.4280.67 Safari/537.36" "-"
10.11.44.192 - - [25/Nov/2020:03:48:37 +0800] "GET /api/securityPosture/direction/10/rankList/attackSource?beginTime=2020-11-19+00:00:00&endTime=2020-11-25+03:48:37&size=100 HTTP/1.1" 200 3870 "https://192.168.30.194/index.html" "Mozilla/5.0 (Macintosh; Intel Mac OS X 10_15_7) AppleWebKit/537.36 (KHTML, like Gecko) Chrome/87.0.4280.67 Safari/537.36" "-"
10.11.44.192 - - [25/Nov/2020:03:48:37 +0800] "GET /api/securityPosture/direction/10/rankList/attackSourceRegion?beginTime=2020-11-19+00:00:00&endTime=2020-11-25+03:48:37&size=100 HTTP/1.1" 200 1109 "https://192.168.30.194/index.html" "Mozilla/5.0 (Macintosh; Intel Mac OS X 10_15_7) AppleWebKit/537.36 (KHTML, like Gecko) Chrome/87.0.4280.67 Safari/537.36" "-"
10.11.44.192 - - [25/Nov/2020:03:48:37 +0800] "GET /api/securityPosture/direction/10/alarmStatistics?beginTime=2020-11-19+00:00:00&endTime=2020-11-25+03:48:37 HTTP/1.1" 200 256 "https://192.168.30.194/index.html" "Mozilla/5.0 (Macintosh; Intel Mac OS X 10_15_7) AppleWebKit/537.36 (KHTML, like Gecko) Chrome/87.0.4280.67 Safari/537.36" "-"
10.11.44.192 - - [25/Nov/2020:03:48:37 +0800] "GET /api/securityPosture/direction/10/rankList/attackedAsset?beginTime=2020-11-19+00:00:00&endTime=2020-11-25+03:48:37&size=100 HTTP/1.1" 200 5843 "https://192.168.30.194/index.html" "Mozilla/5.0 (Macintosh; Intel Mac OS X 10_15_7) AppleWebKit/537.36 (KHTML, like Gecko) Chrome/87.0.4280.67 Safari/537.36" "-"
10.11.44.192 - - [25/Nov/2020:03:48:37 +0800] "GET /api/securityPosture/direction/10/alarmTrend?beginTime=2020-11-19+00:00:00&endTime=2020-11-25+03:48:37 HTTP/1.1" 200 516 "https://192.168.30.194/index.html" "Mozilla/5.0 (Macintosh; Intel Mac OS X 10_15_7) AppleWebKit/537.36 (KHTML, like Gecko) Chrome/87.0.4280.67 Safari/537.36" "-"
10.11.44.192 - - [25/Nov/2020:03:48:37 +0800] "GET /api/securityPosture/direction/10/alarmMap?beginTime=2020-11-19+00:00:00&endTime=2020-11-25+03:48:37 HTTP/1.1" 200 5496 "https://192.168.30.194/index.html" "Mozilla/5.0 (Macintosh; Intel Mac OS X 10_15_7) AppleWebKit/537.36 (KHTML, like Gecko) Chrome/87.0.4280.67 Safari/537.36" "-"
10.11.44.192 - - [25/Nov/2020:03:48:37 +0800] "GET /api/securityPosture/direction/10/realTimeAlarmScroll?beginTime=2020-11-19+00:00:00&endTime=2020-11-25+03:48:37&size=50 HTTP/1.1" 200 40043 "https://192.168.30.194/index.html" "Mozilla/5.0 (Macintosh; Intel Mac OS X 10_15_7) AppleWebKit/537.36 (KHTML, like Gecko) Chrome/87.0.4280.67 Safari/537.36" "-"
10.11.44.192 - - [25/Nov/2020:03:48:38 +0800] "GET /api/securityPosture/direction/10/killChainStatistics?beginTime=2020-11-19+00:00:00&endTime=2020-11-25+03:48:37 HTTP/1.1" 200 6092 "https://192.168.30.194/index.html" "Mozilla/5.0 (Macintosh; Intel Mac OS X 10_15_7) AppleWebKit/537.36 (KHTML, like Gecko) Chrome/87.0.4280.67 Safari/537.36" "-"
172.19.0.1 - - [25/Nov/2020:03:48:47 +0800] "POST /api/license/heartbeat HTTP/1.1" 200 52 "https://192.168.30.194:9999" "axios/0.18.1" "-"
10.11.44.192 - - [25/Nov/2020:03:48:49 +0800] "GET /api/operation/reminder?close=false HTTP/1.1" 200 97 "https://192.168.30.194/index.html" "Mozilla/5.0 (Macintosh; Intel Mac OS X 10_15_7) AppleWebKit/537.36 (KHTML, like Gecko) Chrome/87.0.4280.67 Safari/537.36" "-"
72.118.1.32 - - [25/Nov/2020:03:48:59 +0800] "GET /baas/api/v1/strategy/ai/enable?apiKey=HYiAERrVecKWWdKay4Isl7E8F1OUCM1V HTTP/1.1" 200 15072 "-" "okhttp/3.2.0" "-"
172.19.0.1 - - [25/Nov/2020:03:49:18 +0800] "POST /api/license/heartbeat HTTP/1.1" 200 52 "https://192.168.30.194:9999" "axios/0.18.1" "-"
10.20.48.207 - - [25/Nov/2020:03:49:40 +0800] "GET /api/operation/reminder?close=false HTTP/1.1" 200 97 "https://192.168.30.194/index.html" "Mozilla/5.0 (Windows NT 6.1; Win64; x64) AppleWebKit/537.36 (KHTML, like Gecko) Chrome/84.0.4147.135 Safari/537.36" "-"
172.19.0.1 - - [25/Nov/2020:03:49:48 +0800] "POST /api/license/heartbeat HTTP/1.1" 200 52 "https://192.168.30.194:9999" "axios/0.18.1" "-"
192.168.33.165 - - [25/Nov/2020:03:49:59 +0800] "GET /api/securityManager/getSecurityZoneCache?apiKey=HYiAERrVecKWWdKay4Isl7E8F1OUCM1V HTTP/1.1" 200 3077 "-" "-" "-"
192.168.33.165 - - [25/Nov/2020:03:49:59 +0800] "GET /api/configureManager/getIpConfigCache?apiKey=HYiAERrVecKWWdKay4Isl7E8F1OUCM1V HTTP/1.1" 200 406 "-" "-" "-"
192.168.33.165 - - [25/Nov/2020:03:49:59 +0800] "POST /api/correlation/dpi?types=Rule%20Engine&types=IntelligenceCollision HTTP/1.1" 302 0 "-" "-" "-"
172.19.0.1 - - [25/Nov/2020:03:50:19 +0800] "POST /api/license/heartbeat HTTP/1.1" 200 52 "https://192.168.30.194:9999" "axios/0.18.1" "-"
192.168.30.119 - - [25/Nov/2020:03:50:23 +0800] "GET /api/configureManager/getIpConfigCache?apiKey=HYiAERrVecKWWdKay4Isl7E8F1OUCM1V HTTP/1.1" 200 406 "-" "Apache-HttpClient/4.5.9 (Java/1.8.0_201)" "-"
192.168.30.119 - - [25/Nov/2020:03:50:23 +0800] "GET /api/securityManager/getSecurityZoneCache?apiKey=HYiAERrVecKWWdKay4Isl7E8F1OUCM1V HTTP/1.1" 200 3077 "-" "Apache-HttpClient/4.5.9 (Java/1.8.0_201)" "-"
172.19.0.1 - - [25/Nov/2020:03:50:50 +0800] "POST /api/license/heartbeat HTTP/1.1" 200 52 "https://192.168.30.194:9999" "axios/0.18.1" "-"
172.19.0.1 - - [25/Nov/2020:03:51:20 +0800] "POST /api/license/heartbeat HTTP/1.1" 200 52 "https://192.168.30.194:9999" "axios/0.18.1" "-"
172.19.0.1 - - [25/Nov/2020:03:51:51 +0800] "POST /api/license/heartbeat HTTP/1.1" 200 52 "https://192.168.30.194:9999" "axios/0.18.1" "-"
172.19.0.1 - - [25/Nov/2020:03:52:22 +0800] "POST /api/license/heartbeat HTTP/1.1" 200 52 "https://192.168.30.194:9999" "axios/0.18.1" "-"
10.50.1.121 - - [25/Nov/2020:03:52:26 +0800] "GET /api/securityManager/getSecurityZoneCache?apiKey=HYiAERrVecKWWdKay4Isl7E8F1OUCM1V HTTP/1.1" 200 3077 "-" "Mozilla/5.0" "-"
10.50.1.121 - - [25/Nov/2020:03:52:26 +0800] "GET /api/configureManager/getIpConfigCache?apiKey=HYiAERrVecKWWdKay4Isl7E8F1OUCM1V HTTP/1.1" 200 406 "-" "Mozilla/5.0" "-"
10.14.0.99 - - [25/Nov/2020:03:52:32 +0800] "GET /api/operation/reminder?close=false HTTP/1.1" 200 97 "https://192.168.30.194/index.html" "Mozilla/5.0 (Windows NT 10.0; Win64; x64) AppleWebKit/537.36 (KHTML, like Gecko) Chrome/85.0.4183.83 Safari/537.36" "-"
172.19.0.1 - - [25/Nov/2020:03:52:53 +0800] "POST /api/license/heartbeat HTTP/1.1" 200 52 "https://192.168.30.194:9999" "axios/0.18.1" "-"
192.168.33.191 - - [25/Nov/2020:03:53:20 +0800] "GET /api/securityManager/getSecurityZoneCache?apiKey=HYiAERrVecKWWdKay4Isl7E8F1OUCM1V HTTP/1.1" 200 3077 "-" "-" "-"
192.168.33.191 - - [25/Nov/2020:03:53:20 +0800] "GET /api/configureManager/getIpConfigCache?apiKey=HYiAERrVecKWWdKay4Isl7E8F1OUCM1V HTTP/1.1" 200 406 "-" "-" "-"
172.19.0.1 - - [25/Nov/2020:03:53:24 +0800] "POST /api/license/heartbeat HTTP/1.1" 200 52 "https://192.168.30.194:9999" "axios/0.18.1" "-"
10.11.44.192 - - [25/Nov/2020:03:53:37 +0800] "GET /api/securityPosture/direction/10/rankList/attackSourceCountry?beginTime=2020-11-19+00:00:00&endTime=2020-11-25+03:53:37&size=100 HTTP/1.1" 200 605 "https://192.168.30.194/index.html" "Mozilla/5.0 (Macintosh; Intel Mac OS X 10_15_7) AppleWebKit/537.36 (KHTML, like Gecko) Chrome/87.0.4280.67 Safari/537.36" "-"
10.11.44.192 - - [25/Nov/2020:03:53:37 +0800] "GET /api/securityPosture/direction/10/rankList/attackedAssetDomain?beginTime=2020-11-19+00:00:00&endTime=2020-11-25+03:53:37&size=100 HTTP/1.1" 200 475 "https://192.168.30.194/index.html" "Mozilla/5.0 (Macintosh; Intel Mac OS X 10_15_7) AppleWebKit/537.36 (KHTML, like Gecko) Chrome/87.0.4280.67 Safari/537.36" "-"
10.11.44.192 - - [25/Nov/2020:03:53:37 +0800] "GET /api/securityPosture/direction/10/rankList/attackSourceRegion?beginTime=2020-11-19+00:00:00&endTime=2020-11-25+03:53:37&size=100 HTTP/1.1" 200 1109 "https://192.168.30.194/index.html" "Mozilla/5.0 (Macintosh; Intel Mac OS X 10_15_7) AppleWebKit/537.36 (KHTML, like Gecko) Chrome/87.0.4280.67 Safari/537.36" "-"
10.11.44.192 - - [25/Nov/2020:03:53:37 +0800] "GET /api/securityPosture/direction/10/alarmTrend?beginTime=2020-11-19+00:00:00&endTime=2020-11-25+03:53:37 HTTP/1.1" 200 517 "https://192.168.30.194/index.html" "Mozilla/5.0 (Macintosh; Intel Mac OS X 10_15_7) AppleWebKit/537.36 (KHTML, like Gecko) Chrome/87.0.4280.67 Safari/537.36" "-"
10.11.44.192 - - [25/Nov/2020:03:53:37 +0800] "GET /api/securityPosture/direction/10/alarmStatistics?beginTime=2020-11-19+00:00:00&endTime=2020-11-25+03:53:37 HTTP/1.1" 200 256 "https://192.168.30.194/index.html" "Mozilla/5.0 (Macintosh; Intel Mac OS X 10_15_7) AppleWebKit/537.36 (KHTML, like Gecko) Chrome/87.0.4280.67 Safari/537.36" "-"
10.11.44.192 - - [25/Nov/2020:03:53:37 +0800] "GET /api/securityPosture/direction/10/rankList/attackSource?beginTime=2020-11-19+00:00:00&endTime=2020-11-25+03:53:37&size=100 HTTP/1.1" 200 3870 "https://192.168.30.194/index.html" "Mozilla/5.0 (Macintosh; Intel Mac OS X 10_15_7) AppleWebKit/537.36 (KHTML, like Gecko) Chrome/87.0.4280.67 Safari/537.36" "-"
10.11.44.192 - - [25/Nov/2020:03:53:37 +0800] "GET /api/securityPosture/direction/10/rankList/attackType?beginTime=2020-11-19+00:00:00&endTime=2020-11-25+03:53:37&size=100 HTTP/1.1" 200 3487 "https://192.168.30.194/index.html" "Mozilla/5.0 (Macintosh; Intel Mac OS X 10_15_7) AppleWebKit/537.36 (KHTML, like Gecko) Chrome/87.0.4280.67 Safari/537.36" "-"
10.11.44.192 - - [25/Nov/2020:03:53:37 +0800] "GET /api/securityPosture/direction/10/rankList/attackedAsset?beginTime=2020-11-19+00:00:00&endTime=2020-11-25+03:53:37&size=100 HTTP/1.1" 200 5849 "https://192.168.30.194/index.html" "Mozilla/5.0 (Macintosh; Intel Mac OS X 10_15_7) AppleWebKit/537.36 (KHTML, like Gecko) Chrome/87.0.4280.67 Safari/537.36" "-"
10.11.44.192 - - [25/Nov/2020:03:53:37 +0800] "GET /api/securityPosture/direction/10/alarmMap?beginTime=2020-11-19+00:00:00&endTime=2020-11-25+03:53:37 HTTP/1.1" 200 5496 "https://192.168.30.194/index.html" "Mozilla/5.0 (Macintosh; Intel Mac OS X 10_15_7) AppleWebKit/537.36 (KHTML, like Gecko) Chrome/87.0.4280.67 Safari/537.36" "-"
10.11.44.192 - - [25/Nov/2020:03:53:37 +0800] "GET /api/securityPosture/direction/10/realTimeAlarmScroll?beginTime=2020-11-19+00:00:00&endTime=2020-11-25+03:53:37&size=50 HTTP/1.1" 200 40150 "https://192.168.30.194/index.html" "Mozilla/5.0 (Macintosh; Intel Mac OS X 10_15_7) AppleWebKit/537.36 (KHTML, like Gecko) Chrome/87.0.4280.67 Safari/537.36" "-"
10.11.44.192 - - [25/Nov/2020:03:53:38 +0800] "GET /api/securityPosture/direction/10/killChainStatistics?beginTime=2020-11-19+00:00:00&endTime=2020-11-25+03:53:37 HTTP/1.1" 200 6092 "https://192.168.30.194/index.html" "Mozilla/5.0 (Macintosh; Intel Mac OS X 10_15_7) AppleWebKit/537.36 (KHTML, like Gecko) Chrome/87.0.4280.67 Safari/537.36" "-"
172.19.0.1 - - [25/Nov/2020:03:53:54 +0800] "POST /api/license/heartbeat HTTP/1.1" 200 52 "https://192.168.30.194:9999" "axios/0.18.1" "-"
172.19.0.1 - - [25/Nov/2020:03:54:25 +0800] "POST /api/license/heartbeat HTTP/1.1" 200 52 "https://192.168.30.194:9999" "axios/0.18.1" "-"
172.19.0.1 - - [25/Nov/2020:03:54:56 +0800] "POST /api/license/heartbeat HTTP/1.1" 200 52 "https://192.168.30.194:9999" "axios/0.18.1" "-"
10.11.35.255 - - [25/Nov/2020:03:55:15 +0800] "GET /api/operation/reminder?close=false HTTP/1.1" 200 97 "https://192.168.30.194/" "Mozilla/5.0 (Windows NT 10.0; Win64; x64) AppleWebKit/537.36 (KHTML, like Gecko) Chrome/86.0.4240.111 Safari/537.36" "-"
172.19.0.1 - - [25/Nov/2020:03:55:27 +0800] "POST /api/license/heartbeat HTTP/1.1" 200 52 "https://192.168.30.194:9999" "axios/0.18.1" "-"
172.19.0.1 - - [25/Nov/2020:03:55:57 +0800] "POST /api/license/heartbeat HTTP/1.1" 200 52 "https://192.168.30.194:9999" "axios/0.18.1" "-"
192.168.33.165 - - [25/Nov/2020:03:55:59 +0800] "GET /api/securityManager/getSecurityZoneCache?apiKey=HYiAERrVecKWWdKay4Isl7E8F1OUCM1V HTTP/1.1" 200 3077 "-" "-" "-"
192.168.33.165 - - [25/Nov/2020:03:55:59 +0800] "GET /api/configureManager/getIpConfigCache?apiKey=HYiAERrVecKWWdKay4Isl7E8F1OUCM1V HTTP/1.1" 200 406 "-" "-" "-"
192.168.33.165 - - [25/Nov/2020:03:55:59 +0800] "POST /api/correlation/dpi?types=Rule%20Engine&types=IntelligenceCollision HTTP/1.1" 302 0 "-" "-" "-"
172.19.0.1 - - [25/Nov/2020:03:56:28 +0800] "POST /api/license/heartbeat HTTP/1.1" 200 52 "https://192.168.30.194:9999" "axios/0.18.1" "-"
10.14.0.163 - - [25/Nov/2020:03:56:40 +0800] "GET /api/operation/reminder?close=false HTTP/1.1" 200 97 "https://192.168.30.194/index.html" "Mozilla/5.0 (Windows NT 10.0; Win64; x64) AppleWebKit/537.36 (KHTML, like Gecko) Chrome/87.0.4280.66 Safari/537.36" "-"
172.19.0.1 - - [25/Nov/2020:03:56:59 +0800] "POST /api/license/heartbeat HTTP/1.1" 200 52 "https://192.168.30.194:9999" "axios/0.18.1" "-"
10.50.1.121 - - [25/Nov/2020:03:57:26 +0800] "GET /api/securityManager/getSecurityZoneCache?apiKey=HYiAERrVecKWWdKay4Isl7E8F1OUCM1V HTTP/1.1" 200 3077 "-" "Mozilla/5.0" "-"
10.50.1.121 - - [25/Nov/2020:03:57:26 +0800] "GET /api/configureManager/getIpConfigCache?apiKey=HYiAERrVecKWWdKay4Isl7E8F1OUCM1V HTTP/1.1" 200 406 "-" "Mozilla/5.0" "-"
10.11.35.255 - - [25/Nov/2020:03:57:26 +0800] "GET /api/operation/reminder?close=false HTTP/1.1" 200 97 "https://192.168.30.194/index.html" "Mozilla/5.0 (Windows NT 10.0; Win64; x64) AppleWebKit/537.36 (KHTML, like Gecko) Chrome/86.0.4240.111 Safari/537.36" "-"
172.19.0.1 - - [25/Nov/2020:03:57:29 +0800] "POST /api/license/heartbeat HTTP/1.1" 200 52 "https://192.168.30.194:9999" "axios/0.18.1" "-"
10.11.35.255 - - [25/Nov/2020:03:57:34 +0800] "GET /api/operation/reminder?close=false HTTP/1.1" 200 97 "https://192.168.30.194/index.html" "Mozilla/5.0 (Windows NT 10.0; Win64; x64) AppleWebKit/537.36 (KHTML, like Gecko) Chrome/86.0.4240.111 Safari/537.36" "-"
172.19.0.1 - - [25/Nov/2020:03:58:00 +0800] "POST /api/license/heartbeat HTTP/1.1" 200 52 "https://192.168.30.194:9999" "axios/0.18.1" "-"
172.19.0.1 - - [25/Nov/2020:03:58:31 +0800] "POST /api/license/heartbeat HTTP/1.1" 200 52 "https://192.168.30.194:9999" "axios/0.18.1" "-"
10.11.44.192 - - [25/Nov/2020:03:58:37 +0800] "GET /api/securityPosture/direction/10/rankList/attackedAssetDomain?beginTime=2020-11-19+00:00:00&endTime=2020-11-25+03:58:37&size=100 HTTP/1.1" 200 475 "https://192.168.30.194/index.html" "Mozilla/5.0 (Macintosh; Intel Mac OS X 10_15_7) AppleWebKit/537.36 (KHTML, like Gecko) Chrome/87.0.4280.67 Safari/537.36" "-"
10.11.44.192 - - [25/Nov/2020:03:58:37 +0800] "GET /api/securityPosture/direction/10/rankList/attackType?beginTime=2020-11-19+00:00:00&endTime=2020-11-25+03:58:37&size=100 HTTP/1.1" 200 3487 "https://192.168.30.194/index.html" "Mozilla/5.0 (Macintosh; Intel Mac OS X 10_15_7) AppleWebKit/537.36 (KHTML, like Gecko) Chrome/87.0.4280.67 Safari/537.36" "-"
10.11.44.192 - - [25/Nov/2020:03:58:37 +0800] "GET /api/securityPosture/direction/10/rankList/attackSourceCountry?beginTime=2020-11-19+00:00:00&endTime=2020-11-25+03:58:37&size=100 HTTP/1.1" 200 605 "https://192.168.30.194/index.html" "Mozilla/5.0 (Macintosh; Intel Mac OS X 10_15_7) AppleWebKit/537.36 (KHTML, like Gecko) Chrome/87.0.4280.67 Safari/537.36" "-"
10.11.44.192 - - [25/Nov/2020:03:58:37 +0800] "GET /api/securityPosture/direction/10/rankList/attackSourceRegion?beginTime=2020-11-19+00:00:00&endTime=2020-11-25+03:58:37&size=100 HTTP/1.1" 200 1109 "https://192.168.30.194/index.html" "Mozilla/5.0 (Macintosh; Intel Mac OS X 10_15_7) AppleWebKit/537.36 (KHTML, like Gecko) Chrome/87.0.4280.67 Safari/537.36" "-"
10.11.44.192 - - [25/Nov/2020:03:58:37 +0800] "GET /api/securityPosture/direction/10/rankList/attackSource?beginTime=2020-11-19+00:00:00&endTime=2020-11-25+03:58:37&size=100 HTTP/1.1" 200 3870 "https://192.168.30.194/index.html" "Mozilla/5.0 (Macintosh; Intel Mac OS X 10_15_7) AppleWebKit/537.36 (KHTML, like Gecko) Chrome/87.0.4280.67 Safari/537.36" "-"
10.11.44.192 - - [25/Nov/2020:03:58:37 +0800] "GET /api/securityPosture/direction/10/alarmStatistics?beginTime=2020-11-19+00:00:00&endTime=2020-11-25+03:58:37 HTTP/1.1" 200 256 "https://192.168.30.194/index.html" "Mozilla/5.0 (Macintosh; Intel Mac OS X 10_15_7) AppleWebKit/537.36 (KHTML, like Gecko) Chrome/87.0.4280.67 Safari/537.36" "-"
10.11.44.192 - - [25/Nov/2020:03:58:37 +0800] "GET /api/securityPosture/direction/10/rankList/attackedAsset?beginTime=2020-11-19+00:00:00&endTime=2020-11-25+03:58:37&size=100 HTTP/1.1" 200 5849 "https://192.168.30.194/index.html" "Mozilla/5.0 (Macintosh; Intel Mac OS X 10_15_7) AppleWebKit/537.36 (KHTML, like Gecko) Chrome/87.0.4280.67 Safari/537.36" "-"
10.11.44.192 - - [25/Nov/2020:03:58:37 +0800] "GET /api/securityPosture/direction/10/alarmTrend?beginTime=2020-11-19+00:00:00&endTime=2020-11-25+03:58:37 HTTP/1.1" 200 517 "https://192.168.30.194/index.html" "Mozilla/5.0 (Macintosh; Intel Mac OS X 10_15_7) AppleWebKit/537.36 (KHTML, like Gecko) Chrome/87.0.4280.67 Safari/537.36" "-"
10.11.44.192 - - [25/Nov/2020:03:58:37 +0800] "GET /api/securityPosture/direction/10/realTimeAlarmScroll?beginTime=2020-11-19+00:00:00&endTime=2020-11-25+03:58:37&size=50 HTTP/1.1" 200 40172 "https://192.168.30.194/index.html" "Mozilla/5.0 (Macintosh; Intel Mac OS X 10_15_7) AppleWebKit/537.36 (KHTML, like Gecko) Chrome/87.0.4280.67 Safari/537.36" "-"
10.11.44.192 - - [25/Nov/2020:03:58:37 +0800] "GET /api/securityPosture/direction/10/alarmMap?beginTime=2020-11-19+00:00:00&endTime=2020-11-25+03:58:37 HTTP/1.1" 200 5466 "https://192.168.30.194/index.html" "Mozilla/5.0 (Macintosh; Intel Mac OS X 10_15_7) AppleWebKit/537.36 (KHTML, like Gecko) Chrome/87.0.4280.67 Safari/537.36" "-"
10.11.44.192 - - [25/Nov/2020:03:58:38 +0800] "GET /api/securityPosture/direction/10/killChainStatistics?beginTime=2020-11-19+00:00:00&endTime=2020-11-25+03:58:37 HTTP/1.1" 200 6092 "https://192.168.30.194/index.html" "Mozilla/5.0 (Macintosh; Intel Mac OS X 10_15_7) AppleWebKit/537.36 (KHTML, like Gecko) Chrome/87.0.4280.67 Safari/537.36" "-"
10.11.44.192 - - [25/Nov/2020:03:58:50 +0800] "GET /api/operation/reminder?close=false HTTP/1.1" 200 97 "https://192.168.30.194/index.html" "Mozilla/5.0 (Macintosh; Intel Mac OS X 10_15_7) AppleWebKit/537.36 (KHTML, like Gecko) Chrome/87.0.4280.67 Safari/537.36" "-"
72.118.1.32 - - [25/Nov/2020:03:58:59 +0800] "GET /baas/api/v1/strategy/ai/enable?apiKey=HYiAERrVecKWWdKay4Isl7E8F1OUCM1V HTTP/1.1" 200 15072 "-" "okhttp/3.2.0" "-"
172.19.0.1 - - [25/Nov/2020:03:59:02 +0800] "POST /api/license/heartbeat HTTP/1.1" 200 52 "https://192.168.30.194:9999" "axios/0.18.1" "-"
192.168.33.191 - - [25/Nov/2020:03:59:20 +0800] "GET /api/securityManager/getSecurityZoneCache?apiKey=HYiAERrVecKWWdKay4Isl7E8F1OUCM1V HTTP/1.1" 200 3077 "-" "-" "-"
192.168.33.191 - - [25/Nov/2020:03:59:20 +0800] "GET /api/configureManager/getIpConfigCache?apiKey=HYiAERrVecKWWdKay4Isl7E8F1OUCM1V HTTP/1.1" 200 406 "-" "-" "-"
172.19.0.1 - - [25/Nov/2020:03:59:33 +0800] "POST /api/license/heartbeat HTTP/1.1" 200 52 "https://192.168.30.194:9999" "axios/0.18.1" "-"
10.20.48.207 - - [25/Nov/2020:03:59:41 +0800] "GET /api/operation/reminder?close=false HTTP/1.1" 200 97 "https://192.168.30.194/index.html" "Mozilla/5.0 (Windows NT 6.1; Win64; x64) AppleWebKit/537.36 (KHTML, like Gecko) Chrome/84.0.4147.135 Safari/537.36" "-"
172.19.0.1 - - [25/Nov/2020:04:00:04 +0800] "POST /api/license/heartbeat HTTP/1.1" 200 52 "https://192.168.30.194:9999" "axios/0.18.1" "-"
192.168.30.119 - - [25/Nov/2020:04:00:23 +0800] "GET /api/configureManager/getIpConfigCache?apiKey=HYiAERrVecKWWdKay4Isl7E8F1OUCM1V HTTP/1.1" 200 406 "-" "Apache-HttpClient/4.5.9 (Java/1.8.0_201)" "-"
192.168.30.119 - - [25/Nov/2020:04:00:23 +0800] "GET /api/securityManager/getSecurityZoneCache?apiKey=HYiAERrVecKWWdKay4Isl7E8F1OUCM1V HTTP/1.1" 200 3077 "-" "Apache-HttpClient/4.5.9 (Java/1.8.0_201)" "-"
172.19.0.1 - - [25/Nov/2020:04:00:34 +0800] "POST /api/license/heartbeat HTTP/1.1" 200 52 "https://192.168.30.194:9999" "axios/0.18.1" "-"
172.19.0.1 - - [25/Nov/2020:04:01:05 +0800] "POST /api/license/heartbeat HTTP/1.1" 200 52 "https://192.168.30.194:9999" "axios/0.18.1" "-"
10.50.1.215 - - [25/Nov/2020:04:01:18 +0800] "GET /health HTTP/1.1" 200 239 "-" "Java/1.8.0_112" "-"
72.118.1.35 - - [25/Nov/2020:04:01:19 +0800] "GET /health HTTP/1.1" 200 239 "-" "Mozilla/5.0 (Windows NT 10.0; Win64; x64) AppleWebKit/537.36 (KHTML, like Gecko) Chrome/75.0.3770.142 Safari/537.36 Hutool" "-"
172.19.0.1 - - [25/Nov/2020:04:01:36 +0800] "POST /api/license/heartbeat HTTP/1.1" 200 52 "https://192.168.30.194:9999" "axios/0.18.1" "-"
192.168.33.165 - - [25/Nov/2020:04:02:00 +0800] "GET /api/securityManager/getSecurityZoneCache?apiKey=HYiAERrVecKWWdKay4Isl7E8F1OUCM1V HTTP/1.1" 200 3077 "-" "-" "-"
192.168.33.165 - - [25/Nov/2020:04:02:00 +0800] "GET /api/configureManager/getIpConfigCache?apiKey=HYiAERrVecKWWdKay4Isl7E8F1OUCM1V HTTP/1.1" 200 406 "-" "-" "-"
192.168.33.165 - - [25/Nov/2020:04:02:00 +0800] "POST /api/correlation/dpi?types=Rule%20Engine&types=IntelligenceCollision HTTP/1.1" 302 0 "-" "-" "-"
172.19.0.1 - - [25/Nov/2020:04:02:07 +0800] "POST /api/license/heartbeat HTTP/1.1" 200 52 "https://192.168.30.194:9999" "axios/0.18.1" "-"
10.50.1.121 - - [25/Nov/2020:04:02:26 +0800] "GET /api/securityManager/getSecurityZoneCache?apiKey=HYiAERrVecKWWdKay4Isl7E8F1OUCM1V HTTP/1.1" 200 3077 "-" "Mozilla/5.0" "-"
10.50.1.121 - - [25/Nov/2020:04:02:26 +0800] "GET /api/configureManager/getIpConfigCache?apiKey=HYiAERrVecKWWdKay4Isl7E8F1OUCM1V HTTP/1.1" 200 406 "-" "Mozilla/5.0" "-"
10.14.0.99 - - [25/Nov/2020:04:02:33 +0800] "GET /api/operation/reminder?close=false HTTP/1.1" 200 97 "https://192.168.30.194/index.html" "Mozilla/5.0 (Windows NT 10.0; Win64; x64) AppleWebKit/537.36 (KHTML, like Gecko) Chrome/85.0.4183.83 Safari/537.36" "-"
172.19.0.1 - - [25/Nov/2020:04:02:38 +0800] "POST /api/license/heartbeat HTTP/1.1" 200 52 "https://192.168.30.194:9999" "axios/0.18.1" "-"
172.19.0.1 - - [25/Nov/2020:04:03:09 +0800] "POST /api/license/heartbeat HTTP/1.1" 200 52 "https://192.168.30.194:9999" "axios/0.18.1" "-"
10.11.44.192 - - [25/Nov/2020:04:03:37 +0800] "GET /api/securityPosture/direction/10/rankList/attackedAssetDomain?beginTime=2020-11-19+00:00:00&endTime=2020-11-25+04:03:37&size=100 HTTP/1.1" 200 475 "https://192.168.30.194/index.html" "Mozilla/5.0 (Macintosh; Intel Mac OS X 10_15_7) AppleWebKit/537.36 (KHTML, like Gecko) Chrome/87.0.4280.67 Safari/537.36" "-"
10.11.44.192 - - [25/Nov/2020:04:03:37 +0800] "GET /api/securityPosture/direction/10/rankList/attackSourceCountry?beginTime=2020-11-19+00:00:00&endTime=2020-11-25+04:03:37&size=100 HTTP/1.1" 200 605 "https://192.168.30.194/index.html" "Mozilla/5.0 (Macintosh; Intel Mac OS X 10_15_7) AppleWebKit/537.36 (KHTML, like Gecko) Chrome/87.0.4280.67 Safari/537.36" "-"
10.11.44.192 - - [25/Nov/2020:04:03:37 +0800] "GET /api/securityPosture/direction/10/alarmTrend?beginTime=2020-11-19+00:00:00&endTime=2020-11-25+04:03:37 HTTP/1.1" 200 517 "https://192.168.30.194/index.html" "Mozilla/5.0 (Macintosh; Intel Mac OS X 10_15_7) AppleWebKit/537.36 (KHTML, like Gecko) Chrome/87.0.4280.67 Safari/537.36" "-"
10.11.44.192 - - [25/Nov/2020:04:03:37 +0800] "GET /api/securityPosture/direction/10/rankList/attackSourceRegion?beginTime=2020-11-19+00:00:00&endTime=2020-11-25+04:03:37&size=100 HTTP/1.1" 200 1109 "https://192.168.30.194/index.html" "Mozilla/5.0 (Macintosh; Intel Mac OS X 10_15_7) AppleWebKit/537.36 (KHTML, like Gecko) Chrome/87.0.4280.67 Safari/537.36" "-"
10.11.44.192 - - [25/Nov/2020:04:03:37 +0800] "GET /api/securityPosture/direction/10/alarmStatistics?beginTime=2020-11-19+00:00:00&endTime=2020-11-25+04:03:37 HTTP/1.1" 200 256 "https://192.168.30.194/index.html" "Mozilla/5.0 (Macintosh; Intel Mac OS X 10_15_7) AppleWebKit/537.36 (KHTML, like Gecko) Chrome/87.0.4280.67 Safari/537.36" "-"
10.11.44.192 - - [25/Nov/2020:04:03:37 +0800] "GET /api/securityPosture/direction/10/rankList/attackSource?beginTime=2020-11-19+00:00:00&endTime=2020-11-25+04:03:37&size=100 HTTP/1.1" 200 3876 "https://192.168.30.194/index.html" "Mozilla/5.0 (Macintosh; Intel Mac OS X 10_15_7) AppleWebKit/537.36 (KHTML, like Gecko) Chrome/87.0.4280.67 Safari/537.36" "-"
10.11.44.192 - - [25/Nov/2020:04:03:37 +0800] "GET /api/securityPosture/direction/10/rankList/attackType?beginTime=2020-11-19+00:00:00&endTime=2020-11-25+04:03:37&size=100 HTTP/1.1" 200 3487 "https://192.168.30.194/index.html" "Mozilla/5.0 (Macintosh; Intel Mac OS X 10_15_7) AppleWebKit/537.36 (KHTML, like Gecko) Chrome/87.0.4280.67 Safari/537.36" "-"
10.11.44.192 - - [25/Nov/2020:04:03:37 +0800] "GET /api/securityPosture/direction/10/rankList/attackedAsset?beginTime=2020-11-19+00:00:00&endTime=2020-11-25+04:03:37&size=100 HTTP/1.1" 200 5843 "https://192.168.30.194/index.html" "Mozilla/5.0 (Macintosh; Intel Mac OS X 10_15_7) AppleWebKit/537.36 (KHTML, like Gecko) Chrome/87.0.4280.67 Safari/537.36" "-"
10.11.44.192 - - [25/Nov/2020:04:03:38 +0800] "GET /api/securityPosture/direction/10/alarmMap?beginTime=2020-11-19+00:00:00&endTime=2020-11-25+04:03:37 HTTP/1.1" 200 5490 "https://192.168.30.194/index.html" "Mozilla/5.0 (Macintosh; Intel Mac OS X 10_15_7) AppleWebKit/537.36 (KHTML, like Gecko) Chrome/87.0.4280.67 Safari/537.36" "-"
10.11.44.192 - - [25/Nov/2020:04:03:38 +0800] "GET /api/securityPosture/direction/10/realTimeAlarmScroll?beginTime=2020-11-19+00:00:00&endTime=2020-11-25+04:03:37&size=50 HTTP/1.1" 200 40316 "https://192.168.30.194/index.html" "Mozilla/5.0 (Macintosh; Intel Mac OS X 10_15_7) AppleWebKit/537.36 (KHTML, like Gecko) Chrome/87.0.4280.67 Safari/537.36" "-"
10.11.44.192 - - [25/Nov/2020:04:03:38 +0800] "GET /api/securityPosture/direction/10/killChainStatistics?beginTime=2020-11-19+00:00:00&endTime=2020-11-25+04:03:37 HTTP/1.1" 200 6098 "https://192.168.30.194/index.html" "Mozilla/5.0 (Macintosh; Intel Mac OS X 10_15_7) AppleWebKit/537.36 (KHTML, like Gecko) Chrome/87.0.4280.67 Safari/537.36" "-"
172.19.0.1 - - [25/Nov/2020:04:03:40 +0800] "POST /api/license/heartbeat HTTP/1.1" 200 52 "https://192.168.30.194:9999" "axios/0.18.1" "-"
172.19.0.1 - - [25/Nov/2020:04:04:12 +0800] "POST /api/license/heartbeat HTTP/1.1" 200 52 "https://192.168.30.194:9999" "axios/0.18.1" "-"
172.19.0.1 - - [25/Nov/2020:04:04:42 +0800] "POST /api/license/heartbeat HTTP/1.1" 200 52 "https://192.168.30.194:9999" "axios/0.18.1" "-"
172.19.0.1 - - [25/Nov/2020:04:05:13 +0800] "POST /api/license/heartbeat HTTP/1.1" 200 52 "https://192.168.30.194:9999" "axios/0.18.1" "-"
10.11.35.255 - - [25/Nov/2020:04:05:16 +0800] "GET /api/operation/reminder?close=false HTTP/1.1" 200 97 "https://192.168.30.194/" "Mozilla/5.0 (Windows NT 10.0; Win64; x64) AppleWebKit/537.36 (KHTML, like Gecko) Chrome/86.0.4240.111 Safari/537.36" "-"
192.168.33.191 - - [25/Nov/2020:04:05:20 +0800] "GET /api/securityManager/getSecurityZoneCache?apiKey=HYiAERrVecKWWdKay4Isl7E8F1OUCM1V HTTP/1.1" 200 3077 "-" "-" "-"
192.168.33.191 - - [25/Nov/2020:04:05:21 +0800] "GET /api/configureManager/getIpConfigCache?apiKey=HYiAERrVecKWWdKay4Isl7E8F1OUCM1V HTTP/1.1" 200 406 "-" "-" "-"
172.19.0.1 - - [25/Nov/2020:04:05:45 +0800] "POST /api/license/heartbeat HTTP/1.1" 200 52 "https://192.168.30.194:9999" "axios/0.18.1" "-"
172.19.0.1 - - [25/Nov/2020:04:06:16 +0800] "POST /api/license/heartbeat HTTP/1.1" 200 52 "https://192.168.30.194:9999" "axios/0.18.1" "-"
10.14.0.163 - - [25/Nov/2020:04:06:40 +0800] "GET /api/operation/reminder?close=false HTTP/1.1" 200 97 "https://192.168.30.194/index.html" "Mozilla/5.0 (Windows NT 10.0; Win64; x64) AppleWebKit/537.36 (KHTML, like Gecko) Chrome/87.0.4280.66 Safari/537.36" "-"
172.19.0.1 - - [25/Nov/2020:04:06:47 +0800] "POST /api/license/heartbeat HTTP/1.1" 200 52 "https://192.168.30.194:9999" "axios/0.18.1" "-"
172.19.0.1 - - [25/Nov/2020:04:07:17 +0800] "POST /api/license/heartbeat HTTP/1.1" 200 52 "https://192.168.30.194:9999" "axios/0.18.1" "-"
10.50.1.121 - - [25/Nov/2020:04:07:26 +0800] "GET /api/securityManager/getSecurityZoneCache?apiKey=HYiAERrVecKWWdKay4Isl7E8F1OUCM1V HTTP/1.1" 200 3077 "-" "Mozilla/5.0" "-"
10.50.1.121 - - [25/Nov/2020:04:07:26 +0800] "GET /api/configureManager/getIpConfigCache?apiKey=HYiAERrVecKWWdKay4Isl7E8F1OUCM1V HTTP/1.1" 200 406 "-" "Mozilla/5.0" "-"
10.11.35.255 - - [25/Nov/2020:04:07:26 +0800] "GET /api/operation/reminder?close=false HTTP/1.1" 200 97 "https://192.168.30.194/index.html" "Mozilla/5.0 (Windows NT 10.0; Win64; x64) AppleWebKit/537.36 (KHTML, like Gecko) Chrome/86.0.4240.111 Safari/537.36" "-"
10.11.35.255 - - [25/Nov/2020:04:07:35 +0800] "GET /api/operation/reminder?close=false HTTP/1.1" 200 97 "https://192.168.30.194/index.html" "Mozilla/5.0 (Windows NT 10.0; Win64; x64) AppleWebKit/537.36 (KHTML, like Gecko) Chrome/86.0.4240.111 Safari/537.36" "-"
172.19.0.1 - - [25/Nov/2020:04:07:48 +0800] "POST /api/license/heartbeat HTTP/1.1" 200 52 "https://192.168.30.194:9999" "axios/0.18.1" "-"
192.168.33.165 - - [25/Nov/2020:04:08:00 +0800] "GET /api/securityManager/getSecurityZoneCache?apiKey=HYiAERrVecKWWdKay4Isl7E8F1OUCM1V HTTP/1.1" 200 3077 "-" "-" "-"
192.168.33.165 - - [25/Nov/2020:04:08:00 +0800] "GET /api/configureManager/getIpConfigCache?apiKey=HYiAERrVecKWWdKay4Isl7E8F1OUCM1V HTTP/1.1" 200 406 "-" "-" "-"
192.168.33.165 - - [25/Nov/2020:04:08:00 +0800] "POST /api/correlation/dpi?types=Rule%20Engine&types=IntelligenceCollision HTTP/1.1" 302 0 "-" "-" "-"
172.19.0.1 - - [25/Nov/2020:04:08:19 +0800] "POST /api/license/heartbeat HTTP/1.1" 200 52 "https://192.168.30.194:9999" "axios/0.18.1" "-"
10.11.44.192 - - [25/Nov/2020:04:08:37 +0800] "GET /api/securityPosture/direction/10/rankList/attackSourceCountry?beginTime=2020-11-19+00:00:00&endTime=2020-11-25+04:08:37&size=100 HTTP/1.1" 200 605 "https://192.168.30.194/index.html" "Mozilla/5.0 (Macintosh; Intel Mac OS X 10_15_7) AppleWebKit/537.36 (KHTML, like Gecko) Chrome/87.0.4280.67 Safari/537.36" "-"
10.11.44.192 - - [25/Nov/2020:04:08:37 +0800] "GET /api/securityPosture/direction/10/rankList/attackedAssetDomain?beginTime=2020-11-19+00:00:00&endTime=2020-11-25+04:08:37&size=100 HTTP/1.1" 200 475 "https://192.168.30.194/index.html" "Mozilla/5.0 (Macintosh; Intel Mac OS X 10_15_7) AppleWebKit/537.36 (KHTML, like Gecko) Chrome/87.0.4280.67 Safari/537.36" "-"
10.11.44.192 - - [25/Nov/2020:04:08:37 +0800] "GET /api/securityPosture/direction/10/rankList/attackSourceRegion?beginTime=2020-11-19+00:00:00&endTime=2020-11-25+04:08:37&size=100 HTTP/1.1" 200 1109 "https://192.168.30.194/index.html" "Mozilla/5.0 (Macintosh; Intel Mac OS X 10_15_7) AppleWebKit/537.36 (KHTML, like Gecko) Chrome/87.0.4280.67 Safari/537.36" "-"
10.11.44.192 - - [25/Nov/2020:04:08:37 +0800] "GET /api/securityPosture/direction/10/alarmTrend?beginTime=2020-11-19+00:00:00&endTime=2020-11-25+04:08:37 HTTP/1.1" 200 517 "https://192.168.30.194/index.html" "Mozilla/5.0 (Macintosh; Intel Mac OS X 10_15_7) AppleWebKit/537.36 (KHTML, like Gecko) Chrome/87.0.4280.67 Safari/537.36" "-"
10.11.44.192 - - [25/Nov/2020:04:08:37 +0800] "GET /api/securityPosture/direction/10/alarmStatistics?beginTime=2020-11-19+00:00:00&endTime=2020-11-25+04:08:37 HTTP/1.1" 200 256 "https://192.168.30.194/index.html" "Mozilla/5.0 (Macintosh; Intel Mac OS X 10_15_7) AppleWebKit/537.36 (KHTML, like Gecko) Chrome/87.0.4280.67 Safari/537.36" "-"
10.11.44.192 - - [25/Nov/2020:04:08:37 +0800] "GET /api/securityPosture/direction/10/rankList/attackType?beginTime=2020-11-19+00:00:00&endTime=2020-11-25+04:08:37&size=100 HTTP/1.1" 200 3487 "https://192.168.30.194/index.html" "Mozilla/5.0 (Macintosh; Intel Mac OS X 10_15_7) AppleWebKit/537.36 (KHTML, like Gecko) Chrome/87.0.4280.67 Safari/537.36" "-"
10.11.44.192 - - [25/Nov/2020:04:08:37 +0800] "GET /api/securityPosture/direction/10/rankList/attackSource?beginTime=2020-11-19+00:00:00&endTime=2020-11-25+04:08:37&size=100 HTTP/1.1" 200 3870 "https://192.168.30.194/index.html" "Mozilla/5.0 (Macintosh; Intel Mac OS X 10_15_7) AppleWebKit/537.36 (KHTML, like Gecko) Chrome/87.0.4280.67 Safari/537.36" "-"
10.11.44.192 - - [25/Nov/2020:04:08:37 +0800] "GET /api/securityPosture/direction/10/realTimeAlarmScroll?beginTime=2020-11-19+00:00:00&endTime=2020-11-25+04:08:37&size=50 HTTP/1.1" 200 40256 "https://192.168.30.194/index.html" "Mozilla/5.0 (Macintosh; Intel Mac OS X 10_15_7) AppleWebKit/537.36 (KHTML, like Gecko) Chrome/87.0.4280.67 Safari/537.36" "-"
10.11.44.192 - - [25/Nov/2020:04:08:37 +0800] "GET /api/securityPosture/direction/10/rankList/attackedAsset?beginTime=2020-11-19+00:00:00&endTime=2020-11-25+04:08:37&size=100 HTTP/1.1" 200 5843 "https://192.168.30.194/index.html" "Mozilla/5.0 (Macintosh; Intel Mac OS X 10_15_7) AppleWebKit/537.36 (KHTML, like Gecko) Chrome/87.0.4280.67 Safari/537.36" "-"
10.11.44.192 - - [25/Nov/2020:04:08:37 +0800] "GET /api/securityPosture/direction/10/alarmMap?beginTime=2020-11-19+00:00:00&endTime=2020-11-25+04:08:37 HTTP/1.1" 200 5490 "https://192.168.30.194/index.html" "Mozilla/5.0 (Macintosh; Intel Mac OS X 10_15_7) AppleWebKit/537.36 (KHTML, like Gecko) Chrome/87.0.4280.67 Safari/537.36" "-"
10.11.44.192 - - [25/Nov/2020:04:08:38 +0800] "GET /api/securityPosture/direction/10/killChainStatistics?beginTime=2020-11-19+00:00:00&endTime=2020-11-25+04:08:37 HTTP/1.1" 200 6092 "https://192.168.30.194/index.html" "Mozilla/5.0 (Macintosh; Intel Mac OS X 10_15_7) AppleWebKit/537.36 (KHTML, like Gecko) Chrome/87.0.4280.67 Safari/537.36" "-"
172.19.0.1 - - [25/Nov/2020:04:08:49 +0800] "POST /api/license/heartbeat HTTP/1.1" 200 52 "https://192.168.30.194:9999" "axios/0.18.1" "-"
10.11.44.192 - - [25/Nov/2020:04:08:51 +0800] "GET /api/operation/reminder?close=false HTTP/1.1" 200 97 "https://192.168.30.194/index.html" "Mozilla/5.0 (Macintosh; Intel Mac OS X 10_15_7) AppleWebKit/537.36 (KHTML, like Gecko) Chrome/87.0.4280.67 Safari/537.36" "-"
72.118.1.32 - - [25/Nov/2020:04:08:59 +0800] "GET /baas/api/v1/strategy/ai/enable?apiKey=HYiAERrVecKWWdKay4Isl7E8F1OUCM1V HTTP/1.1" 200 15072 "-" "okhttp/3.2.0" "-"
172.19.0.1 - - [25/Nov/2020:04:09:20 +0800] "POST /api/license/heartbeat HTTP/1.1" 200 52 "https://192.168.30.194:9999" "axios/0.18.1" "-"
10.20.48.207 - - [25/Nov/2020:04:09:42 +0800] "GET /api/operation/reminder?close=false HTTP/1.1" 200 97 "https://192.168.30.194/index.html" "Mozilla/5.0 (Windows NT 6.1; Win64; x64) AppleWebKit/537.36 (KHTML, like Gecko) Chrome/84.0.4147.135 Safari/537.36" "-"
172.19.0.1 - - [25/Nov/2020:04:09:51 +0800] "POST /api/license/heartbeat HTTP/1.1" 200 52 "https://192.168.30.194:9999" "axios/0.18.1" "-"
172.19.0.1 - - [25/Nov/2020:04:10:22 +0800] "POST /api/license/heartbeat HTTP/1.1" 200 52 "https://192.168.30.194:9999" "axios/0.18.1" "-"
192.168.30.119 - - [25/Nov/2020:04:10:23 +0800] "GET /api/configureManager/getIpConfigCache?apiKey=HYiAERrVecKWWdKay4Isl7E8F1OUCM1V HTTP/1.1" 200 406 "-" "Apache-HttpClient/4.5.9 (Java/1.8.0_201)" "-"
192.168.30.119 - - [25/Nov/2020:04:10:23 +0800] "GET /api/securityManager/getSecurityZoneCache?apiKey=HYiAERrVecKWWdKay4Isl7E8F1OUCM1V HTTP/1.1" 200 3077 "-" "Apache-HttpClient/4.5.9 (Java/1.8.0_201)" "-"
172.19.0.1 - - [25/Nov/2020:04:10:53 +0800] "POST /api/license/heartbeat HTTP/1.1" 200 52 "https://192.168.30.194:9999" "axios/0.18.1" "-"
192.168.33.191 - - [25/Nov/2020:04:11:21 +0800] "GET /api/securityManager/getSecurityZoneCache?apiKey=HYiAERrVecKWWdKay4Isl7E8F1OUCM1V HTTP/1.1" 200 3077 "-" "-" "-"
192.168.33.191 - - [25/Nov/2020:04:11:21 +0800] "GET /api/configureManager/getIpConfigCache?apiKey=HYiAERrVecKWWdKay4Isl7E8F1OUCM1V HTTP/1.1" 200 406 "-" "-" "-"
172.19.0.1 - - [25/Nov/2020:04:11:24 +0800] "POST /api/license/heartbeat HTTP/1.1" 200 52 "https://192.168.30.194:9999" "axios/0.18.1" "-"
172.19.0.1 - - [25/Nov/2020:04:11:54 +0800] "POST /api/license/heartbeat HTTP/1.1" 200 52 "https://192.168.30.194:9999" "axios/0.18.1" "-"
172.19.0.1 - - [25/Nov/2020:04:12:25 +0800] "POST /api/license/heartbeat HTTP/1.1" 200 52 "https://192.168.30.194:9999" "axios/0.18.1" "-"
10.50.1.121 - - [25/Nov/2020:04:12:26 +0800] "GET /api/securityManager/getSecurityZoneCache?apiKey=HYiAERrVecKWWdKay4Isl7E8F1OUCM1V HTTP/1.1" 200 3077 "-" "Mozilla/5.0" "-"
10.50.1.121 - - [25/Nov/2020:04:12:26 +0800] "GET /api/configureManager/getIpConfigCache?apiKey=HYiAERrVecKWWdKay4Isl7E8F1OUCM1V HTTP/1.1" 200 406 "-" "Mozilla/5.0" "-"
10.14.0.99 - - [25/Nov/2020:04:12:33 +0800] "GET /api/operation/reminder?close=false HTTP/1.1" 200 97 "https://192.168.30.194/index.html" "Mozilla/5.0 (Windows NT 10.0; Win64; x64) AppleWebKit/537.36 (KHTML, like Gecko) Chrome/85.0.4183.83 Safari/537.36" "-"
172.19.0.1 - - [25/Nov/2020:04:12:56 +0800] "POST /api/license/heartbeat HTTP/1.1" 200 52 "https://192.168.30.194:9999" "axios/0.18.1" "-"
172.19.0.1 - - [25/Nov/2020:04:13:27 +0800] "POST /api/license/heartbeat HTTP/1.1" 200 52 "https://192.168.30.194:9999" "axios/0.18.1" "-"
10.11.44.192 - - [25/Nov/2020:04:13:37 +0800] "GET /api/securityPosture/direction/10/rankList/attackedAssetDomain?beginTime=2020-11-19+00:00:00&endTime=2020-11-25+04:13:37&size=100 HTTP/1.1" 200 475 "https://192.168.30.194/index.html" "Mozilla/5.0 (Macintosh; Intel Mac OS X 10_15_7) AppleWebKit/537.36 (KHTML, like Gecko) Chrome/87.0.4280.67 Safari/537.36" "-"
10.11.44.192 - - [25/Nov/2020:04:13:37 +0800] "GET /api/securityPosture/direction/10/rankList/attackSourceCountry?beginTime=2020-11-19+00:00:00&endTime=2020-11-25+04:13:37&size=100 HTTP/1.1" 200 605 "https://192.168.30.194/index.html" "Mozilla/5.0 (Macintosh; Intel Mac OS X 10_15_7) AppleWebKit/537.36 (KHTML, like Gecko) Chrome/87.0.4280.67 Safari/537.36" "-"
10.11.44.192 - - [25/Nov/2020:04:13:37 +0800] "GET /api/securityPosture/direction/10/alarmTrend?beginTime=2020-11-19+00:00:00&endTime=2020-11-25+04:13:37 HTTP/1.1" 200 517 "https://192.168.30.194/index.html" "Mozilla/5.0 (Macintosh; Intel Mac OS X 10_15_7) AppleWebKit/537.36 (KHTML, like Gecko) Chrome/87.0.4280.67 Safari/537.36" "-"
10.11.44.192 - - [25/Nov/2020:04:13:37 +0800] "GET /api/securityPosture/direction/10/rankList/attackSourceRegion?beginTime=2020-11-19+00:00:00&endTime=2020-11-25+04:13:37&size=100 HTTP/1.1" 200 1109 "https://192.168.30.194/index.html" "Mozilla/5.0 (Macintosh; Intel Mac OS X 10_15_7) AppleWebKit/537.36 (KHTML, like Gecko) Chrome/87.0.4280.67 Safari/537.36" "-"
10.11.44.192 - - [25/Nov/2020:04:13:37 +0800] "GET /api/securityPosture/direction/10/rankList/attackSource?beginTime=2020-11-19+00:00:00&endTime=2020-11-25+04:13:37&size=100 HTTP/1.1" 200 3876 "https://192.168.30.194/index.html" "Mozilla/5.0 (Macintosh; Intel Mac OS X 10_15_7) AppleWebKit/537.36 (KHTML, like Gecko) Chrome/87.0.4280.67 Safari/537.36" "-"
10.11.44.192 - - [25/Nov/2020:04:13:37 +0800] "GET /api/securityPosture/direction/10/alarmStatistics?beginTime=2020-11-19+00:00:00&endTime=2020-11-25+04:13:37 HTTP/1.1" 200 256 "https://192.168.30.194/index.html" "Mozilla/5.0 (Macintosh; Intel Mac OS X 10_15_7) AppleWebKit/537.36 (KHTML, like Gecko) Chrome/87.0.4280.67 Safari/537.36" "-"
10.11.44.192 - - [25/Nov/2020:04:13:37 +0800] "GET /api/securityPosture/direction/10/rankList/attackType?beginTime=2020-11-19+00:00:00&endTime=2020-11-25+04:13:37&size=100 HTTP/1.1" 200 3487 "https://192.168.30.194/index.html" "Mozilla/5.0 (Macintosh; Intel Mac OS X 10_15_7) AppleWebKit/537.36 (KHTML, like Gecko) Chrome/87.0.4280.67 Safari/537.36" "-"
10.11.44.192 - - [25/Nov/2020:04:13:37 +0800] "GET /api/securityPosture/direction/10/rankList/attackedAsset?beginTime=2020-11-19+00:00:00&endTime=2020-11-25+04:13:37&size=100 HTTP/1.1" 200 5843 "https://192.168.30.194/index.html" "Mozilla/5.0 (Macintosh; Intel Mac OS X 10_15_7) AppleWebKit/537.36 (KHTML, like Gecko) Chrome/87.0.4280.67 Safari/537.36" "-"
10.11.44.192 - - [25/Nov/2020:04:13:38 +0800] "GET /api/securityPosture/direction/10/alarmMap?beginTime=2020-11-19+00:00:00&endTime=2020-11-25+04:13:37 HTTP/1.1" 200 5457 "https://192.168.30.194/index.html" "Mozilla/5.0 (Macintosh; Intel Mac OS X 10_15_7) AppleWebKit/537.36 (KHTML, like Gecko) Chrome/87.0.4280.67 Safari/537.36" "-"
10.11.44.192 - - [25/Nov/2020:04:13:38 +0800] "GET /api/securityPosture/direction/10/realTimeAlarmScroll?beginTime=2020-11-19+00:00:00&endTime=2020-11-25+04:13:37&size=50 HTTP/1.1" 200 40073 "https://192.168.30.194/index.html" "Mozilla/5.0 (Macintosh; Intel Mac OS X 10_15_7) AppleWebKit/537.36 (KHTML, like Gecko) Chrome/87.0.4280.67 Safari/537.36" "-"
10.11.44.192 - - [25/Nov/2020:04:13:38 +0800] "GET /api/securityPosture/direction/10/killChainStatistics?beginTime=2020-11-19+00:00:00&endTime=2020-11-25+04:13:37 HTTP/1.1" 200 6072 "https://192.168.30.194/index.html" "Mozilla/5.0 (Macintosh; Intel Mac OS X 10_15_7) AppleWebKit/537.36 (KHTML, like Gecko) Chrome/87.0.4280.67 Safari/537.36" "-"
172.19.0.1 - - [25/Nov/2020:04:13:57 +0800] "POST /api/license/heartbeat HTTP/1.1" 200 52 "https://192.168.30.194:9999" "axios/0.18.1" "-"
192.168.33.165 - - [25/Nov/2020:04:14:00 +0800] "GET /api/securityManager/getSecurityZoneCache?apiKey=HYiAERrVecKWWdKay4Isl7E8F1OUCM1V HTTP/1.1" 200 3077 "-" "-" "-"
192.168.33.165 - - [25/Nov/2020:04:14:00 +0800] "GET /api/configureManager/getIpConfigCache?apiKey=HYiAERrVecKWWdKay4Isl7E8F1OUCM1V HTTP/1.1" 200 406 "-" "-" "-"
192.168.33.165 - - [25/Nov/2020:04:14:00 +0800] "POST /api/correlation/dpi?types=Rule%20Engine&types=IntelligenceCollision HTTP/1.1" 302 0 "-" "-" "-"
10.50.2.50 - - [25/Nov/2020:04:14:13 +0800] "POST /api/edr/asset/bvs/info?apiKey=HYiAERrVecKWWdKay4Isl7E8F1OUCM1V HTTP/1.1" 200 77 "-" "Java/1.8.0_111" "-"
10.50.2.50 - - [25/Nov/2020:04:14:13 +0800] "POST /api/edr/asset/bvs/info?apiKey=HYiAERrVecKWWdKay4Isl7E8F1OUCM1V HTTP/1.1" 200 77 "-" "Java/1.8.0_111" "-"
