10.11.44.192 - - [25/Nov/2020:04:48:37 +0800] "GET /api/securityPosture/direction/10/rankList/attackSource?beginTime=2020-11-19+00:00:00&endTime=2020-11-25+04:48:37&size=100 HTTP/1.1" 200 3876 "https://192.168.30.194/index.html" "Mozilla/5.0 (Macintosh; Intel Mac OS X 10_15_7) AppleWebKit/537.36 (KHTML, like Gecko) Chrome/87.0.4280.67 Safari/537.36" "-"
10.11.44.192 - - [25/Nov/2020:04:48:37 +0800] "GET /api/securityPosture/direction/10/realTimeAlarmScroll?beginTime=2020-11-19+00:00:00&endTime=2020-11-25+04:48:37&size=50 HTTP/1.1" 200 40112 "https://192.168.30.194/index.html" "Mozilla/5.0 (Macintosh; Intel Mac OS X 10_15_7) AppleWebKit/537.36 (KHTML, like Gecko) Chrome/87.0.4280.67 Safari/537.36" "-"
10.11.44.192 - - [25/Nov/2020:04:48:37 +0800] "GET /api/securityPosture/direction/10/alarmMap?beginTime=2020-11-19+00:00:00&endTime=2020-11-25+04:48:37 HTTP/1.1" 200 5511 "https://192.168.30.194/index.html" "Mozilla/5.0 (Macintosh; Intel Mac OS X 10_15_7) AppleWebKit/537.36 (KHTML, like Gecko) Chrome/87.0.4280.67 Safari/537.36" "-"
10.11.44.192 - - [25/Nov/2020:04:48:38 +0800] "GET /api/securityPosture/direction/10/killChainStatistics?beginTime=2020-11-19+00:00:00&endTime=2020-11-25+04:48:37 HTTP/1.1" 200 6067 "https://192.168.30.194/index.html" "Mozilla/5.0 (Macintosh; Intel Mac OS X 10_15_7) AppleWebKit/537.36 (KHTML, like Gecko) Chrome/87.0.4280.67 Safari/537.36" "-"
10.11.44.192 - - [25/Nov/2020:04:48:55 +0800] "GET /api/operation/reminder?close=false HTTP/1.1" 200 97 "https://192.168.30.194/index.html" "Mozilla/5.0 (Macintosh; Intel Mac OS X 10_15_7) AppleWebKit/537.36 (KHTML, like Gecko) Chrome/87.0.4280.67 Safari/537.36" "-"
72.118.1.32 - - [25/Nov/2020:04:48:59 +0800] "GET /baas/api/v1/strategy/ai/enable?apiKey=HYiAERrVecKWWdKay4Isl7E8F1OUCM1V HTTP/1.1" 200 15072 "-" "okhttp/3.2.0" "-"
172.19.0.1 - - [25/Nov/2020:04:49:01 +0800] "POST /api/license/heartbeat HTTP/1.1" 200 52 "https://192.168.30.194:9999" "axios/0.18.1" "-"
172.19.0.1 - - [25/Nov/2020:04:49:32 +0800] "POST /api/license/heartbeat HTTP/1.1" 200 52 "https://192.168.30.194:9999" "axios/0.18.1" "-"
10.20.48.207 - - [25/Nov/2020:04:49:46 +0800] "GET /api/operation/reminder?close=false HTTP/1.1" 200 97 "https://192.168.30.194/index.html" "Mozilla/5.0 (Windows NT 6.1; Win64; x64) AppleWebKit/537.36 (KHTML, like Gecko) Chrome/84.0.4147.135 Safari/537.36" "-"
192.168.33.165 - - [25/Nov/2020:04:50:02 +0800] "GET /api/securityManager/getSecurityZoneCache?apiKey=HYiAERrVecKWWdKay4Isl7E8F1OUCM1V HTTP/1.1" 200 3077 "-" "-" "-"
192.168.33.165 - - [25/Nov/2020:04:50:02 +0800] "GET /api/configureManager/getIpConfigCache?apiKey=HYiAERrVecKWWdKay4Isl7E8F1OUCM1V HTTP/1.1" 200 406 "-" "-" "-"
192.168.33.165 - - [25/Nov/2020:04:50:02 +0800] "POST /api/correlation/dpi?types=Rule%20Engine&types=IntelligenceCollision HTTP/1.1" 302 0 "-" "-" "-"
172.19.0.1 - - [25/Nov/2020:04:50:03 +0800] "POST /api/license/heartbeat HTTP/1.1" 200 52 "https://192.168.30.194:9999" "axios/0.18.1" "-"
192.168.30.119 - - [25/Nov/2020:04:50:23 +0800] "GET /api/configureManager/getIpConfigCache?apiKey=HYiAERrVecKWWdKay4Isl7E8F1OUCM1V HTTP/1.1" 200 406 "-" "Apache-HttpClient/4.5.9 (Java/1.8.0_201)" "-"
192.168.30.119 - - [25/Nov/2020:04:50:23 +0800] "GET /api/securityManager/getSecurityZoneCache?apiKey=HYiAERrVecKWWdKay4Isl7E8F1OUCM1V HTTP/1.1" 200 3077 "-" "Apache-HttpClient/4.5.9 (Java/1.8.0_201)" "-"
172.19.0.1 - - [25/Nov/2020:04:50:34 +0800] "POST /api/license/heartbeat HTTP/1.1" 200 52 "https://192.168.30.194:9999" "axios/0.18.1" "-"
172.19.0.1 - - [25/Nov/2020:04:51:04 +0800] "POST /api/license/heartbeat HTTP/1.1" 200 52 "https://192.168.30.194:9999" "axios/0.18.1" "-"
172.19.0.1 - - [25/Nov/2020:04:51:35 +0800] "POST /api/license/heartbeat HTTP/1.1" 200 52 "https://192.168.30.194:9999" "axios/0.18.1" "-"
172.19.0.1 - - [25/Nov/2020:04:52:06 +0800] "POST /api/license/heartbeat HTTP/1.1" 200 52 "https://192.168.30.194:9999" "axios/0.18.1" "-"
10.50.1.121 - - [25/Nov/2020:04:52:26 +0800] "GET /api/securityManager/getSecurityZoneCache?apiKey=HYiAERrVecKWWdKay4Isl7E8F1OUCM1V HTTP/1.1" 200 3077 "-" "Mozilla/5.0" "-"
10.50.1.121 - - [25/Nov/2020:04:52:26 +0800] "GET /api/configureManager/getIpConfigCache?apiKey=HYiAERrVecKWWdKay4Isl7E8F1OUCM1V HTTP/1.1" 200 406 "-" "Mozilla/5.0" "-"
10.14.0.99 - - [25/Nov/2020:04:52:36 +0800] "GET /api/operation/reminder?close=false HTTP/1.1" 200 97 "https://192.168.30.194/index.html" "Mozilla/5.0 (Windows NT 10.0; Win64; x64) AppleWebKit/537.36 (KHTML, like Gecko) Chrome/85.0.4183.83 Safari/537.36" "-"
172.19.0.1 - - [25/Nov/2020:04:52:37 +0800] "POST /api/license/heartbeat HTTP/1.1" 200 52 "https://192.168.30.194:9999" "axios/0.18.1" "-"
172.19.0.1 - - [25/Nov/2020:04:53:07 +0800] "POST /api/license/heartbeat HTTP/1.1" 200 52 "https://192.168.30.194:9999" "axios/0.18.1" "-"
192.168.33.191 - - [25/Nov/2020:04:53:23 +0800] "GET /api/securityManager/getSecurityZoneCache?apiKey=HYiAERrVecKWWdKay4Isl7E8F1OUCM1V HTTP/1.1" 200 3077 "-" "-" "-"
192.168.33.191 - - [25/Nov/2020:04:53:23 +0800] "GET /api/configureManager/getIpConfigCache?apiKey=HYiAERrVecKWWdKay4Isl7E8F1OUCM1V HTTP/1.1" 200 406 "-" "-" "-"
10.11.44.192 - - [25/Nov/2020:04:53:37 +0800] "GET /api/securityPosture/direction/10/rankList/attackedAssetDomain?beginTime=2020-11-19+00:00:00&endTime=2020-11-25+04:53:37&size=100 HTTP/1.1" 200 475 "https://192.168.30.194/index.html" "Mozilla/5.0 (Macintosh; Intel Mac OS X 10_15_7) AppleWebKit/537.36 (KHTML, like Gecko) Chrome/87.0.4280.67 Safari/537.36" "-"
10.11.44.192 - - [25/Nov/2020:04:53:37 +0800] "GET /api/securityPosture/direction/10/rankList/attackSourceCountry?beginTime=2020-11-19+00:00:00&endTime=2020-11-25+04:53:37&size=100 HTTP/1.1" 200 605 "https://192.168.30.194/index.html" "Mozilla/5.0 (Macintosh; Intel Mac OS X 10_15_7) AppleWebKit/537.36 (KHTML, like Gecko) Chrome/87.0.4280.67 Safari/537.36" "-"
10.11.44.192 - - [25/Nov/2020:04:53:37 +0800] "GET /api/securityPosture/direction/10/rankList/attackSourceRegion?beginTime=2020-11-19+00:00:00&endTime=2020-11-25+04:53:37&size=100 HTTP/1.1" 200 1109 "https://192.168.30.194/index.html" "Mozilla/5.0 (Macintosh; Intel Mac OS X 10_15_7) AppleWebKit/537.36 (KHTML, like Gecko) Chrome/87.0.4280.67 Safari/537.36" "-"
10.11.44.192 - - [25/Nov/2020:04:53:37 +0800] "GET /api/securityPosture/direction/10/alarmTrend?beginTime=2020-11-19+00:00:00&endTime=2020-11-25+04:53:37 HTTP/1.1" 200 517 "https://192.168.30.194/index.html" "Mozilla/5.0 (Macintosh; Intel Mac OS X 10_15_7) AppleWebKit/537.36 (KHTML, like Gecko) Chrome/87.0.4280.67 Safari/537.36" "-"
10.11.44.192 - - [25/Nov/2020:04:53:37 +0800] "GET /api/securityPosture/direction/10/alarmStatistics?beginTime=2020-11-19+00:00:00&endTime=2020-11-25+04:53:37 HTTP/1.1" 200 256 "https://192.168.30.194/index.html" "Mozilla/5.0 (Macintosh; Intel Mac OS X 10_15_7) AppleWebKit/537.36 (KHTML, like Gecko) Chrome/87.0.4280.67 Safari/537.36" "-"
10.11.44.192 - - [25/Nov/2020:04:53:37 +0800] "GET /api/securityPosture/direction/10/rankList/attackSource?beginTime=2020-11-19+00:00:00&endTime=2020-11-25+04:53:37&size=100 HTTP/1.1" 200 3870 "https://192.168.30.194/index.html" "Mozilla/5.0 (Macintosh; Intel Mac OS X 10_15_7) AppleWebKit/537.36 (KHTML, like Gecko) Chrome/87.0.4280.67 Safari/537.36" "-"
10.11.44.192 - - [25/Nov/2020:04:53:37 +0800] "GET /api/securityPosture/direction/10/rankList/attackType?beginTime=2020-11-19+00:00:00&endTime=2020-11-25+04:53:37&size=100 HTTP/1.1" 200 3487 "https://192.168.30.194/index.html" "Mozilla/5.0 (Macintosh; Intel Mac OS X 10_15_7) AppleWebKit/537.36 (KHTML, like Gecko) Chrome/87.0.4280.67 Safari/537.36" "-"
10.11.44.192 - - [25/Nov/2020:04:53:37 +0800] "GET /api/securityPosture/direction/10/rankList/attackedAsset?beginTime=2020-11-19+00:00:00&endTime=2020-11-25+04:53:37&size=100 HTTP/1.1" 200 5843 "https://192.168.30.194/index.html" "Mozilla/5.0 (Macintosh; Intel Mac OS X 10_15_7) AppleWebKit/537.36 (KHTML, like Gecko) Chrome/87.0.4280.67 Safari/537.36" "-"
10.11.44.192 - - [25/Nov/2020:04:53:38 +0800] "GET /api/securityPosture/direction/10/alarmMap?beginTime=2020-11-19+00:00:00&endTime=2020-11-25+04:53:37 HTTP/1.1" 200 5505 "https://192.168.30.194/index.html" "Mozilla/5.0 (Macintosh; Intel Mac OS X 10_15_7) AppleWebKit/537.36 (KHTML, like Gecko) Chrome/87.0.4280.67 Safari/537.36" "-"
10.11.44.192 - - [25/Nov/2020:04:53:38 +0800] "GET /api/securityPosture/direction/10/realTimeAlarmScroll?beginTime=2020-11-19+00:00:00&endTime=2020-11-25+04:53:37&size=50 HTTP/1.1" 200 40226 "https://192.168.30.194/index.html" "Mozilla/5.0 (Macintosh; Intel Mac OS X 10_15_7) AppleWebKit/537.36 (KHTML, like Gecko) Chrome/87.0.4280.67 Safari/537.36" "-"
10.11.44.192 - - [25/Nov/2020:04:53:38 +0800] "GET /api/securityPosture/direction/10/killChainStatistics?beginTime=2020-11-19+00:00:00&endTime=2020-11-25+04:53:37 HTTP/1.1" 200 6067 "https://192.168.30.194/index.html" "Mozilla/5.0 (Macintosh; Intel Mac OS X 10_15_7) AppleWebKit/537.36 (KHTML, like Gecko) Chrome/87.0.4280.67 Safari/537.36" "-"
172.19.0.1 - - [25/Nov/2020:04:53:38 +0800] "POST /api/license/heartbeat HTTP/1.1" 200 52 "https://192.168.30.194:9999" "axios/0.18.1" "-"
172.19.0.1 - - [25/Nov/2020:04:54:09 +0800] "POST /api/license/heartbeat HTTP/1.1" 200 52 "https://192.168.30.194:9999" "axios/0.18.1" "-"
172.19.0.1 - - [25/Nov/2020:04:54:41 +0800] "POST /api/license/heartbeat HTTP/1.1" 200 52 "https://192.168.30.194:9999" "axios/0.18.1" "-"
172.19.0.1 - - [25/Nov/2020:04:55:12 +0800] "POST /api/license/heartbeat HTTP/1.1" 200 52 "https://192.168.30.194:9999" "axios/0.18.1" "-"
10.11.35.255 - - [25/Nov/2020:04:55:21 +0800] "GET /api/operation/reminder?close=false HTTP/1.1" 200 97 "https://192.168.30.194/" "Mozilla/5.0 (Windows NT 10.0; Win64; x64) AppleWebKit/537.36 (KHTML, like Gecko) Chrome/86.0.4240.111 Safari/537.36" "-"
172.19.0.1 - - [25/Nov/2020:04:55:43 +0800] "POST /api/license/heartbeat HTTP/1.1" 200 52 "https://192.168.30.194:9999" "axios/0.18.1" "-"
192.168.33.165 - - [25/Nov/2020:04:56:02 +0800] "GET /api/securityManager/getSecurityZoneCache?apiKey=HYiAERrVecKWWdKay4Isl7E8F1OUCM1V HTTP/1.1" 200 3077 "-" "-" "-"
192.168.33.165 - - [25/Nov/2020:04:56:02 +0800] "GET /api/configureManager/getIpConfigCache?apiKey=HYiAERrVecKWWdKay4Isl7E8F1OUCM1V HTTP/1.1" 200 406 "-" "-" "-"
192.168.33.165 - - [25/Nov/2020:04:56:02 +0800] "POST /api/correlation/dpi?types=Rule%20Engine&types=IntelligenceCollision HTTP/1.1" 302 0 "-" "-" "-"
172.19.0.1 - - [25/Nov/2020:04:56:14 +0800] "POST /api/license/heartbeat HTTP/1.1" 200 52 "https://192.168.30.194:9999" "axios/0.18.1" "-"
10.14.0.163 - - [25/Nov/2020:04:56:40 +0800] "GET /api/operation/reminder?close=false HTTP/1.1" 200 97 "https://192.168.30.194/index.html" "Mozilla/5.0 (Windows NT 10.0; Win64; x64) AppleWebKit/537.36 (KHTML, like Gecko) Chrome/87.0.4280.66 Safari/537.36" "-"
172.19.0.1 - - [25/Nov/2020:04:56:44 +0800] "POST /api/license/heartbeat HTTP/1.1" 200 52 "https://192.168.30.194:9999" "axios/0.18.1" "-"
172.19.0.1 - - [25/Nov/2020:04:57:15 +0800] "POST /api/license/heartbeat HTTP/1.1" 200 52 "https://192.168.30.194:9999" "axios/0.18.1" "-"
10.50.1.121 - - [25/Nov/2020:04:57:26 +0800] "GET /api/securityManager/getSecurityZoneCache?apiKey=HYiAERrVecKWWdKay4Isl7E8F1OUCM1V HTTP/1.1" 200 3077 "-" "Mozilla/5.0" "-"
10.50.1.121 - - [25/Nov/2020:04:57:26 +0800] "GET /api/configureManager/getIpConfigCache?apiKey=HYiAERrVecKWWdKay4Isl7E8F1OUCM1V HTTP/1.1" 200 406 "-" "Mozilla/5.0" "-"
10.11.35.255 - - [25/Nov/2020:04:57:30 +0800] "GET /api/operation/reminder?close=false HTTP/1.1" 200 97 "https://192.168.30.194/index.html" "Mozilla/5.0 (Windows NT 10.0; Win64; x64) AppleWebKit/537.36 (KHTML, like Gecko) Chrome/86.0.4240.111 Safari/537.36" "-"
10.11.35.255 - - [25/Nov/2020:04:57:37 +0800] "GET /api/operation/reminder?close=false HTTP/1.1" 200 97 "https://192.168.30.194/index.html" "Mozilla/5.0 (Windows NT 10.0; Win64; x64) AppleWebKit/537.36 (KHTML, like Gecko) Chrome/86.0.4240.111 Safari/537.36" "-"
172.19.0.1 - - [25/Nov/2020:04:57:46 +0800] "POST /api/license/heartbeat HTTP/1.1" 200 52 "https://192.168.30.194:9999" "axios/0.18.1" "-"
172.19.0.1 - - [25/Nov/2020:04:58:17 +0800] "POST /api/license/heartbeat HTTP/1.1" 200 52 "https://192.168.30.194:9999" "axios/0.18.1" "-"
10.11.44.192 - - [25/Nov/2020:04:58:37 +0800] "GET /api/securityPosture/direction/10/rankList/attackType?beginTime=2020-11-19+00:00:00&endTime=2020-11-25+04:58:37&size=100 HTTP/1.1" 200 3487 "https://192.168.30.194/index.html" "Mozilla/5.0 (Macintosh; Intel Mac OS X 10_15_7) AppleWebKit/537.36 (KHTML, like Gecko) Chrome/87.0.4280.67 Safari/537.36" "-"
10.11.44.192 - - [25/Nov/2020:04:58:37 +0800] "GET /api/securityPosture/direction/10/rankList/attackedAssetDomain?beginTime=2020-11-19+00:00:00&endTime=2020-11-25+04:58:37&size=100 HTTP/1.1" 200 475 "https://192.168.30.194/index.html" "Mozilla/5.0 (Macintosh; Intel Mac OS X 10_15_7) AppleWebKit/537.36 (KHTML, like Gecko) Chrome/87.0.4280.67 Safari/537.36" "-"
10.11.44.192 - - [25/Nov/2020:04:58:37 +0800] "GET /api/securityPosture/direction/10/rankList/attackSourceRegion?beginTime=2020-11-19+00:00:00&endTime=2020-11-25+04:58:37&size=100 HTTP/1.1" 200 1109 "https://192.168.30.194/index.html" "Mozilla/5.0 (Macintosh; Intel Mac OS X 10_15_7) AppleWebKit/537.36 (KHTML, like Gecko) Chrome/87.0.4280.67 Safari/537.36" "-"
10.11.44.192 - - [25/Nov/2020:04:58:37 +0800] "GET /api/securityPosture/direction/10/rankList/attackSourceCountry?beginTime=2020-11-19+00:00:00&endTime=2020-11-25+04:58:37&size=100 HTTP/1.1" 200 605 "https://192.168.30.194/index.html" "Mozilla/5.0 (Macintosh; Intel Mac OS X 10_15_7) AppleWebKit/537.36 (KHTML, like Gecko) Chrome/87.0.4280.67 Safari/537.36" "-"
10.11.44.192 - - [25/Nov/2020:04:58:37 +0800] "GET /api/securityPosture/direction/10/alarmTrend?beginTime=2020-11-19+00:00:00&endTime=2020-11-25+04:58:37 HTTP/1.1" 200 517 "https://192.168.30.194/index.html" "Mozilla/5.0 (Macintosh; Intel Mac OS X 10_15_7) AppleWebKit/537.36 (KHTML, like Gecko) Chrome/87.0.4280.67 Safari/537.36" "-"
10.11.44.192 - - [25/Nov/2020:04:58:37 +0800] "GET /api/securityPosture/direction/10/rankList/attackSource?beginTime=2020-11-19+00:00:00&endTime=2020-11-25+04:58:37&size=100 HTTP/1.1" 200 3870 "https://192.168.30.194/index.html" "Mozilla/5.0 (Macintosh; Intel Mac OS X 10_15_7) AppleWebKit/537.36 (KHTML, like Gecko) Chrome/87.0.4280.67 Safari/537.36" "-"
10.11.44.192 - - [25/Nov/2020:04:58:37 +0800] "GET /api/securityPosture/direction/10/rankList/attackedAsset?beginTime=2020-11-19+00:00:00&endTime=2020-11-25+04:58:37&size=100 HTTP/1.1" 200 5849 "https://192.168.30.194/index.html" "Mozilla/5.0 (Macintosh; Intel Mac OS X 10_15_7) AppleWebKit/537.36 (KHTML, like Gecko) Chrome/87.0.4280.67 Safari/537.36" "-"
10.11.44.192 - - [25/Nov/2020:04:58:37 +0800] "GET /api/securityPosture/direction/10/alarmStatistics?beginTime=2020-11-19+00:00:00&endTime=2020-11-25+04:58:37 HTTP/1.1" 200 256 "https://192.168.30.194/index.html" "Mozilla/5.0 (Macintosh; Intel Mac OS X 10_15_7) AppleWebKit/537.36 (KHTML, like Gecko) Chrome/87.0.4280.67 Safari/537.36" "-"
10.11.44.192 - - [25/Nov/2020:04:58:38 +0800] "GET /api/securityPosture/direction/10/alarmMap?beginTime=2020-11-19+00:00:00&endTime=2020-11-25+04:58:37 HTTP/1.1" 200 5475 "https://192.168.30.194/index.html" "Mozilla/5.0 (Macintosh; Intel Mac OS X 10_15_7) AppleWebKit/537.36 (KHTML, like Gecko) Chrome/87.0.4280.67 Safari/537.36" "-"
10.11.44.192 - - [25/Nov/2020:04:58:38 +0800] "GET /api/securityPosture/direction/10/realTimeAlarmScroll?beginTime=2020-11-19+00:00:00&endTime=2020-11-25+04:58:37&size=50 HTTP/1.1" 200 40258 "https://192.168.30.194/index.html" "Mozilla/5.0 (Macintosh; Intel Mac OS X 10_15_7) AppleWebKit/537.36 (KHTML, like Gecko) Chrome/87.0.4280.67 Safari/537.36" "-"
10.11.44.192 - - [25/Nov/2020:04:58:38 +0800] "GET /api/securityPosture/direction/10/killChainStatistics?beginTime=2020-11-19+00:00:00&endTime=2020-11-25+04:58:37 HTTP/1.1" 200 6067 "https://192.168.30.194/index.html" "Mozilla/5.0 (Macintosh; Intel Mac OS X 10_15_7) AppleWebKit/537.36 (KHTML, like Gecko) Chrome/87.0.4280.67 Safari/537.36" "-"
172.19.0.1 - - [25/Nov/2020:04:58:48 +0800] "POST /api/license/heartbeat HTTP/1.1" 200 52 "https://192.168.30.194:9999" "axios/0.18.1" "-"
10.11.44.192 - - [25/Nov/2020:04:58:56 +0800] "GET /api/operation/reminder?close=false HTTP/1.1" 200 97 "https://192.168.30.194/index.html" "Mozilla/5.0 (Macintosh; Intel Mac OS X 10_15_7) AppleWebKit/537.36 (KHTML, like Gecko) Chrome/87.0.4280.67 Safari/537.36" "-"
72.118.1.32 - - [25/Nov/2020:04:58:59 +0800] "GET /baas/api/v1/strategy/ai/enable?apiKey=HYiAERrVecKWWdKay4Isl7E8F1OUCM1V HTTP/1.1" 200 15072 "-" "okhttp/3.2.0" "-"
172.19.0.1 - - [25/Nov/2020:04:59:18 +0800] "POST /api/license/heartbeat HTTP/1.1" 200 52 "https://192.168.30.194:9999" "axios/0.18.1" "-"
192.168.33.191 - - [25/Nov/2020:04:59:23 +0800] "GET /api/securityManager/getSecurityZoneCache?apiKey=HYiAERrVecKWWdKay4Isl7E8F1OUCM1V HTTP/1.1" 200 3077 "-" "-" "-"
192.168.33.191 - - [25/Nov/2020:04:59:23 +0800] "GET /api/configureManager/getIpConfigCache?apiKey=HYiAERrVecKWWdKay4Isl7E8F1OUCM1V HTTP/1.1" 200 406 "-" "-" "-"
10.20.48.207 - - [25/Nov/2020:04:59:48 +0800] "GET /api/operation/reminder?close=false HTTP/1.1" 200 97 "https://192.168.30.194/index.html" "Mozilla/5.0 (Windows NT 6.1; Win64; x64) AppleWebKit/537.36 (KHTML, like Gecko) Chrome/84.0.4147.135 Safari/537.36" "-"
172.19.0.1 - - [25/Nov/2020:04:59:49 +0800] "POST /api/license/heartbeat HTTP/1.1" 200 52 "https://192.168.30.194:9999" "axios/0.18.1" "-"
172.19.0.1 - - [25/Nov/2020:05:00:20 +0800] "POST /api/license/heartbeat HTTP/1.1" 200 52 "https://192.168.30.194:9999" "axios/0.18.1" "-"
192.168.30.119 - - [25/Nov/2020:05:00:23 +0800] "GET /api/configureManager/getIpConfigCache?apiKey=HYiAERrVecKWWdKay4Isl7E8F1OUCM1V HTTP/1.1" 200 406 "-" "Apache-HttpClient/4.5.9 (Java/1.8.0_201)" "-"
192.168.30.119 - - [25/Nov/2020:05:00:23 +0800] "GET /api/securityManager/getSecurityZoneCache?apiKey=HYiAERrVecKWWdKay4Isl7E8F1OUCM1V HTTP/1.1" 200 3077 "-" "Apache-HttpClient/4.5.9 (Java/1.8.0_201)" "-"
172.19.0.1 - - [25/Nov/2020:05:00:51 +0800] "POST /api/license/heartbeat HTTP/1.1" 200 52 "https://192.168.30.194:9999" "axios/0.18.1" "-"
72.118.1.35 - - [25/Nov/2020:05:01:17 +0800] "GET /health HTTP/1.1" 200 239 "-" "Mozilla/5.0 (Windows NT 10.0; Win64; x64) AppleWebKit/537.36 (KHTML, like Gecko) Chrome/75.0.3770.142 Safari/537.36 Hutool" "-"
10.50.1.215 - - [25/Nov/2020:05:01:18 +0800] "GET /health HTTP/1.1" 200 239 "-" "Java/1.8.0_112" "-"
172.19.0.1 - - [25/Nov/2020:05:01:22 +0800] "POST /api/license/heartbeat HTTP/1.1" 200 52 "https://192.168.30.194:9999" "axios/0.18.1" "-"
172.19.0.1 - - [25/Nov/2020:05:01:52 +0800] "POST /api/license/heartbeat HTTP/1.1" 200 52 "https://192.168.30.194:9999" "axios/0.18.1" "-"
192.168.33.165 - - [25/Nov/2020:05:02:03 +0800] "GET /api/securityManager/getSecurityZoneCache?apiKey=HYiAERrVecKWWdKay4Isl7E8F1OUCM1V HTTP/1.1" 200 3077 "-" "-" "-"
192.168.33.165 - - [25/Nov/2020:05:02:03 +0800] "GET /api/configureManager/getIpConfigCache?apiKey=HYiAERrVecKWWdKay4Isl7E8F1OUCM1V HTTP/1.1" 200 406 "-" "-" "-"
192.168.33.165 - - [25/Nov/2020:05:02:03 +0800] "POST /api/correlation/dpi?types=Rule%20Engine&types=IntelligenceCollision HTTP/1.1" 302 0 "-" "-" "-"
172.19.0.1 - - [25/Nov/2020:05:02:23 +0800] "POST /api/license/heartbeat HTTP/1.1" 200 52 "https://192.168.30.194:9999" "axios/0.18.1" "-"
10.50.1.121 - - [25/Nov/2020:05:02:26 +0800] "GET /api/securityManager/getSecurityZoneCache?apiKey=HYiAERrVecKWWdKay4Isl7E8F1OUCM1V HTTP/1.1" 200 3077 "-" "Mozilla/5.0" "-"
10.50.1.121 - - [25/Nov/2020:05:02:26 +0800] "GET /api/configureManager/getIpConfigCache?apiKey=HYiAERrVecKWWdKay4Isl7E8F1OUCM1V HTTP/1.1" 200 406 "-" "Mozilla/5.0" "-"
10.14.0.99 - - [25/Nov/2020:05:02:36 +0800] "GET /api/operation/reminder?close=false HTTP/1.1" 200 97 "https://192.168.30.194/index.html" "Mozilla/5.0 (Windows NT 10.0; Win64; x64) AppleWebKit/537.36 (KHTML, like Gecko) Chrome/85.0.4183.83 Safari/537.36" "-"
172.19.0.1 - - [25/Nov/2020:05:02:54 +0800] "POST /api/license/heartbeat HTTP/1.1" 200 52 "https://192.168.30.194:9999" "axios/0.18.1" "-"
172.19.0.1 - - [25/Nov/2020:05:03:25 +0800] "POST /api/license/heartbeat HTTP/1.1" 200 52 "https://192.168.30.194:9999" "axios/0.18.1" "-"
10.11.44.192 - - [25/Nov/2020:05:03:37 +0800] "GET /api/securityPosture/direction/10/rankList/attackedAssetDomain?beginTime=2020-11-19+00:00:00&endTime=2020-11-25+05:03:37&size=100 HTTP/1.1" 200 475 "https://192.168.30.194/index.html" "Mozilla/5.0 (Macintosh; Intel Mac OS X 10_15_7) AppleWebKit/537.36 (KHTML, like Gecko) Chrome/87.0.4280.67 Safari/537.36" "-"
10.11.44.192 - - [25/Nov/2020:05:03:37 +0800] "GET /api/securityPosture/direction/10/rankList/attackType?beginTime=2020-11-19+00:00:00&endTime=2020-11-25+05:03:37&size=100 HTTP/1.1" 200 3487 "https://192.168.30.194/index.html" "Mozilla/5.0 (Macintosh; Intel Mac OS X 10_15_7) AppleWebKit/537.36 (KHTML, like Gecko) Chrome/87.0.4280.67 Safari/537.36" "-"
10.11.44.192 - - [25/Nov/2020:05:03:37 +0800] "GET /api/securityPosture/direction/10/rankList/attackSourceCountry?beginTime=2020-11-19+00:00:00&endTime=2020-11-25+05:03:37&size=100 HTTP/1.1" 200 605 "https://192.168.30.194/index.html" "Mozilla/5.0 (Macintosh; Intel Mac OS X 10_15_7) AppleWebKit/537.36 (KHTML, like Gecko) Chrome/87.0.4280.67 Safari/537.36" "-"
10.11.44.192 - - [25/Nov/2020:05:03:37 +0800] "GET /api/securityPosture/direction/10/rankList/attackSourceRegion?beginTime=2020-11-19+00:00:00&endTime=2020-11-25+05:03:37&size=100 HTTP/1.1" 200 1109 "https://192.168.30.194/index.html" "Mozilla/5.0 (Macintosh; Intel Mac OS X 10_15_7) AppleWebKit/537.36 (KHTML, like Gecko) Chrome/87.0.4280.67 Safari/537.36" "-"
10.11.44.192 - - [25/Nov/2020:05:03:37 +0800] "GET /api/securityPosture/direction/10/rankList/attackSource?beginTime=2020-11-19+00:00:00&endTime=2020-11-25+05:03:37&size=100 HTTP/1.1" 200 3870 "https://192.168.30.194/index.html" "Mozilla/5.0 (Macintosh; Intel Mac OS X 10_15_7) AppleWebKit/537.36 (KHTML, like Gecko) Chrome/87.0.4280.67 Safari/537.36" "-"
10.11.44.192 - - [25/Nov/2020:05:03:37 +0800] "GET /api/securityPosture/direction/10/alarmTrend?beginTime=2020-11-19+00:00:00&endTime=2020-11-25+05:03:37 HTTP/1.1" 200 517 "https://192.168.30.194/index.html" "Mozilla/5.0 (Macintosh; Intel Mac OS X 10_15_7) AppleWebKit/537.36 (KHTML, like Gecko) Chrome/87.0.4280.67 Safari/537.36" "-"
10.11.44.192 - - [25/Nov/2020:05:03:37 +0800] "GET /api/securityPosture/direction/10/alarmStatistics?beginTime=2020-11-19+00:00:00&endTime=2020-11-25+05:03:37 HTTP/1.1" 200 256 "https://192.168.30.194/index.html" "Mozilla/5.0 (Macintosh; Intel Mac OS X 10_15_7) AppleWebKit/537.36 (KHTML, like Gecko) Chrome/87.0.4280.67 Safari/537.36" "-"
10.11.44.192 - - [25/Nov/2020:05:03:37 +0800] "GET /api/securityPosture/direction/10/rankList/attackedAsset?beginTime=2020-11-19+00:00:00&endTime=2020-11-25+05:03:37&size=100 HTTP/1.1" 200 5843 "https://192.168.30.194/index.html" "Mozilla/5.0 (Macintosh; Intel Mac OS X 10_15_7) AppleWebKit/537.36 (KHTML, like Gecko) Chrome/87.0.4280.67 Safari/537.36" "-"
10.11.44.192 - - [25/Nov/2020:05:03:38 +0800] "GET /api/securityPosture/direction/10/realTimeAlarmScroll?beginTime=2020-11-19+00:00:00&endTime=2020-11-25+05:03:37&size=50 HTTP/1.1" 200 40219 "https://192.168.30.194/index.html" "Mozilla/5.0 (Macintosh; Intel Mac OS X 10_15_7) AppleWebKit/537.36 (KHTML, like Gecko) Chrome/87.0.4280.67 Safari/537.36" "-"
10.11.44.192 - - [25/Nov/2020:05:03:38 +0800] "GET /api/securityPosture/direction/10/alarmMap?beginTime=2020-11-19+00:00:00&endTime=2020-11-25+05:03:37 HTTP/1.1" 200 5505 "https://192.168.30.194/index.html" "Mozilla/5.0 (Macintosh; Intel Mac OS X 10_15_7) AppleWebKit/537.36 (KHTML, like Gecko) Chrome/87.0.4280.67 Safari/537.36" "-"
10.11.44.192 - - [25/Nov/2020:05:03:38 +0800] "GET /api/securityPosture/direction/10/killChainStatistics?beginTime=2020-11-19+00:00:00&endTime=2020-11-25+05:03:37 HTTP/1.1" 200 6045 "https://192.168.30.194/index.html" "Mozilla/5.0 (Macintosh; Intel Mac OS X 10_15_7) AppleWebKit/537.36 (KHTML, like Gecko) Chrome/87.0.4280.67 Safari/537.36" "-"
172.19.0.1 - - [25/Nov/2020:05:03:58 +0800] "POST /api/license/heartbeat HTTP/1.1" 200 52 "https://192.168.30.194:9999" "axios/0.18.1" "-"
172.19.0.1 - - [25/Nov/2020:05:04:28 +0800] "POST /api/license/heartbeat HTTP/1.1" 200 52 "https://192.168.30.194:9999" "axios/0.18.1" "-"
172.19.0.1 - - [25/Nov/2020:05:05:00 +0800] "POST /api/license/heartbeat HTTP/1.1" 200 52 "https://192.168.30.194:9999" "axios/0.18.1" "-"
10.11.35.255 - - [25/Nov/2020:05:05:22 +0800] "GET /api/operation/reminder?close=false HTTP/1.1" 200 97 "https://192.168.30.194/" "Mozilla/5.0 (Windows NT 10.0; Win64; x64) AppleWebKit/537.36 (KHTML, like Gecko) Chrome/86.0.4240.111 Safari/537.36" "-"
192.168.33.191 - - [25/Nov/2020:05:05:23 +0800] "GET /api/securityManager/getSecurityZoneCache?apiKey=HYiAERrVecKWWdKay4Isl7E8F1OUCM1V HTTP/1.1" 200 3077 "-" "-" "-"
192.168.33.191 - - [25/Nov/2020:05:05:23 +0800] "GET /api/configureManager/getIpConfigCache?apiKey=HYiAERrVecKWWdKay4Isl7E8F1OUCM1V HTTP/1.1" 200 406 "-" "-" "-"
172.19.0.1 - - [25/Nov/2020:05:05:30 +0800] "POST /api/license/heartbeat HTTP/1.1" 200 52 "https://192.168.30.194:9999" "axios/0.18.1" "-"
172.19.0.1 - - [25/Nov/2020:05:06:01 +0800] "POST /api/license/heartbeat HTTP/1.1" 200 52 "https://192.168.30.194:9999" "axios/0.18.1" "-"
172.19.0.1 - - [25/Nov/2020:05:06:32 +0800] "POST /api/license/heartbeat HTTP/1.1" 200 52 "https://192.168.30.194:9999" "axios/0.18.1" "-"
10.14.0.163 - - [25/Nov/2020:05:06:40 +0800] "GET /api/operation/reminder?close=false HTTP/1.1" 200 97 "https://192.168.30.194/index.html" "Mozilla/5.0 (Windows NT 10.0; Win64; x64) AppleWebKit/537.36 (KHTML, like Gecko) Chrome/87.0.4280.66 Safari/537.36" "-"
172.19.0.1 - - [25/Nov/2020:05:07:02 +0800] "POST /api/license/heartbeat HTTP/1.1" 200 52 "https://192.168.30.194:9999" "axios/0.18.1" "-"
10.50.1.121 - - [25/Nov/2020:05:07:26 +0800] "GET /api/securityManager/getSecurityZoneCache?apiKey=HYiAERrVecKWWdKay4Isl7E8F1OUCM1V HTTP/1.1" 200 3077 "-" "Mozilla/5.0" "-"
10.50.1.121 - - [25/Nov/2020:05:07:26 +0800] "GET /api/configureManager/getIpConfigCache?apiKey=HYiAERrVecKWWdKay4Isl7E8F1OUCM1V HTTP/1.1" 200 406 "-" "Mozilla/5.0" "-"
10.11.35.255 - - [25/Nov/2020:05:07:30 +0800] "GET /api/operation/reminder?close=false HTTP/1.1" 200 97 "https://192.168.30.194/index.html" "Mozilla/5.0 (Windows NT 10.0; Win64; x64) AppleWebKit/537.36 (KHTML, like Gecko) Chrome/86.0.4240.111 Safari/537.36" "-"
172.19.0.1 - - [25/Nov/2020:05:07:33 +0800] "POST /api/license/heartbeat HTTP/1.1" 200 52 "https://192.168.30.194:9999" "axios/0.18.1" "-"
10.11.35.255 - - [25/Nov/2020:05:07:38 +0800] "GET /api/operation/reminder?close=false HTTP/1.1" 200 97 "https://192.168.30.194/index.html" "Mozilla/5.0 (Windows NT 10.0; Win64; x64) AppleWebKit/537.36 (KHTML, like Gecko) Chrome/86.0.4240.111 Safari/537.36" "-"
192.168.33.165 - - [25/Nov/2020:05:08:03 +0800] "GET /api/securityManager/getSecurityZoneCache?apiKey=HYiAERrVecKWWdKay4Isl7E8F1OUCM1V HTTP/1.1" 200 3077 "-" "-" "-"
192.168.33.165 - - [25/Nov/2020:05:08:03 +0800] "GET /api/configureManager/getIpConfigCache?apiKey=HYiAERrVecKWWdKay4Isl7E8F1OUCM1V HTTP/1.1" 200 406 "-" "-" "-"
192.168.33.165 - - [25/Nov/2020:05:08:03 +0800] "POST /api/correlation/dpi?types=Rule%20Engine&types=IntelligenceCollision HTTP/1.1" 302 0 "-" "-" "-"
172.19.0.1 - - [25/Nov/2020:05:08:04 +0800] "POST /api/license/heartbeat HTTP/1.1" 200 52 "https://192.168.30.194:9999" "axios/0.18.1" "-"
172.19.0.1 - - [25/Nov/2020:05:08:35 +0800] "POST /api/license/heartbeat HTTP/1.1" 200 52 "https://192.168.30.194:9999" "axios/0.18.1" "-"
10.11.44.192 - - [25/Nov/2020:05:08:37 +0800] "GET /api/securityPosture/direction/10/rankList/attackSourceRegion?beginTime=2020-11-19+00:00:00&endTime=2020-11-25+05:08:37&size=100 HTTP/1.1" 200 1109 "https://192.168.30.194/index.html" "Mozilla/5.0 (Macintosh; Intel Mac OS X 10_15_7) AppleWebKit/537.36 (KHTML, like Gecko) Chrome/87.0.4280.67 Safari/537.36" "-"
10.11.44.192 - - [25/Nov/2020:05:08:37 +0800] "GET /api/securityPosture/direction/10/rankList/attackedAssetDomain?beginTime=2020-11-19+00:00:00&endTime=2020-11-25+05:08:37&size=100 HTTP/1.1" 200 475 "https://192.168.30.194/index.html" "Mozilla/5.0 (Macintosh; Intel Mac OS X 10_15_7) AppleWebKit/537.36 (KHTML, like Gecko) Chrome/87.0.4280.67 Safari/537.36" "-"
10.11.44.192 - - [25/Nov/2020:05:08:37 +0800] "GET /api/securityPosture/direction/10/rankList/attackSourceCountry?beginTime=2020-11-19+00:00:00&endTime=2020-11-25+05:08:37&size=100 HTTP/1.1" 200 605 "https://192.168.30.194/index.html" "Mozilla/5.0 (Macintosh; Intel Mac OS X 10_15_7) AppleWebKit/537.36 (KHTML, like Gecko) Chrome/87.0.4280.67 Safari/537.36" "-"
10.11.44.192 - - [25/Nov/2020:05:08:37 +0800] "GET /api/securityPosture/direction/10/rankList/attackType?beginTime=2020-11-19+00:00:00&endTime=2020-11-25+05:08:37&size=100 HTTP/1.1" 200 3487 "https://192.168.30.194/index.html" "Mozilla/5.0 (Macintosh; Intel Mac OS X 10_15_7) AppleWebKit/537.36 (KHTML, like Gecko) Chrome/87.0.4280.67 Safari/537.36" "-"
10.11.44.192 - - [25/Nov/2020:05:08:37 +0800] "GET /api/securityPosture/direction/10/alarmTrend?beginTime=2020-11-19+00:00:00&endTime=2020-11-25+05:08:37 HTTP/1.1" 200 517 "https://192.168.30.194/index.html" "Mozilla/5.0 (Macintosh; Intel Mac OS X 10_15_7) AppleWebKit/537.36 (KHTML, like Gecko) Chrome/87.0.4280.67 Safari/537.36" "-"
10.11.44.192 - - [25/Nov/2020:05:08:37 +0800] "GET /api/securityPosture/direction/10/alarmStatistics?beginTime=2020-11-19+00:00:00&endTime=2020-11-25+05:08:37 HTTP/1.1" 200 256 "https://192.168.30.194/index.html" "Mozilla/5.0 (Macintosh; Intel Mac OS X 10_15_7) AppleWebKit/537.36 (KHTML, like Gecko) Chrome/87.0.4280.67 Safari/537.36" "-"
10.11.44.192 - - [25/Nov/2020:05:08:37 +0800] "GET /api/securityPosture/direction/10/rankList/attackedAsset?beginTime=2020-11-19+00:00:00&endTime=2020-11-25+05:08:37&size=100 HTTP/1.1" 200 5849 "https://192.168.30.194/index.html" "Mozilla/5.0 (Macintosh; Intel Mac OS X 10_15_7) AppleWebKit/537.36 (KHTML, like Gecko) Chrome/87.0.4280.67 Safari/537.36" "-"
10.11.44.192 - - [25/Nov/2020:05:08:37 +0800] "GET /api/securityPosture/direction/10/rankList/attackSource?beginTime=2020-11-19+00:00:00&endTime=2020-11-25+05:08:37&size=100 HTTP/1.1" 200 3870 "https://192.168.30.194/index.html" "Mozilla/5.0 (Macintosh; Intel Mac OS X 10_15_7) AppleWebKit/537.36 (KHTML, like Gecko) Chrome/87.0.4280.67 Safari/537.36" "-"
10.11.44.192 - - [25/Nov/2020:05:08:38 +0800] "GET /api/securityPosture/direction/10/alarmMap?beginTime=2020-11-19+00:00:00&endTime=2020-11-25+05:08:37 HTTP/1.1" 200 5505 "https://192.168.30.194/index.html" "Mozilla/5.0 (Macintosh; Intel Mac OS X 10_15_7) AppleWebKit/537.36 (KHTML, like Gecko) Chrome/87.0.4280.67 Safari/537.36" "-"
10.11.44.192 - - [25/Nov/2020:05:08:38 +0800] "GET /api/securityPosture/direction/10/realTimeAlarmScroll?beginTime=2020-11-19+00:00:00&endTime=2020-11-25+05:08:37&size=50 HTTP/1.1" 200 40183 "https://192.168.30.194/index.html" "Mozilla/5.0 (Macintosh; Intel Mac OS X 10_15_7) AppleWebKit/537.36 (KHTML, like Gecko) Chrome/87.0.4280.67 Safari/537.36" "-"
10.11.44.192 - - [25/Nov/2020:05:08:38 +0800] "GET /api/securityPosture/direction/10/killChainStatistics?beginTime=2020-11-19+00:00:00&endTime=2020-11-25+05:08:37 HTTP/1.1" 200 6045 "https://192.168.30.194/index.html" "Mozilla/5.0 (Macintosh; Intel Mac OS X 10_15_7) AppleWebKit/537.36 (KHTML, like Gecko) Chrome/87.0.4280.67 Safari/537.36" "-"
10.11.44.192 - - [25/Nov/2020:05:08:56 +0800] "GET /api/operation/reminder?close=false HTTP/1.1" 200 97 "https://192.168.30.194/index.html" "Mozilla/5.0 (Macintosh; Intel Mac OS X 10_15_7) AppleWebKit/537.36 (KHTML, like Gecko) Chrome/87.0.4280.67 Safari/537.36" "-"
72.118.1.32 - - [25/Nov/2020:05:08:59 +0800] "GET /baas/api/v1/strategy/ai/enable?apiKey=HYiAERrVecKWWdKay4Isl7E8F1OUCM1V HTTP/1.1" 200 15072 "-" "okhttp/3.2.0" "-"
172.19.0.1 - - [25/Nov/2020:05:09:06 +0800] "POST /api/license/heartbeat HTTP/1.1" 200 52 "https://192.168.30.194:9999" "axios/0.18.1" "-"
172.19.0.1 - - [25/Nov/2020:05:09:36 +0800] "POST /api/license/heartbeat HTTP/1.1" 200 52 "https://192.168.30.194:9999" "axios/0.18.1" "-"
10.20.48.207 - - [25/Nov/2020:05:09:48 +0800] "GET /api/operation/reminder?close=false HTTP/1.1" 200 97 "https://192.168.30.194/index.html" "Mozilla/5.0 (Windows NT 6.1; Win64; x64) AppleWebKit/537.36 (KHTML, like Gecko) Chrome/84.0.4147.135 Safari/537.36" "-"
172.19.0.1 - - [25/Nov/2020:05:10:07 +0800] "POST /api/license/heartbeat HTTP/1.1" 200 52 "https://192.168.30.194:9999" "axios/0.18.1" "-"
192.168.30.119 - - [25/Nov/2020:05:10:23 +0800] "GET /api/configureManager/getIpConfigCache?apiKey=HYiAERrVecKWWdKay4Isl7E8F1OUCM1V HTTP/1.1" 200 406 "-" "Apache-HttpClient/4.5.9 (Java/1.8.0_201)" "-"
192.168.30.119 - - [25/Nov/2020:05:10:23 +0800] "GET /api/securityManager/getSecurityZoneCache?apiKey=HYiAERrVecKWWdKay4Isl7E8F1OUCM1V HTTP/1.1" 200 3077 "-" "Apache-HttpClient/4.5.9 (Java/1.8.0_201)" "-"
172.19.0.1 - - [25/Nov/2020:05:10:38 +0800] "POST /api/license/heartbeat HTTP/1.1" 200 52 "https://192.168.30.194:9999" "axios/0.18.1" "-"
172.19.0.1 - - [25/Nov/2020:05:11:10 +0800] "POST /api/license/heartbeat HTTP/1.1" 200 52 "https://192.168.30.194:9999" "axios/0.18.1" "-"
192.168.33.191 - - [25/Nov/2020:05:11:23 +0800] "GET /api/securityManager/getSecurityZoneCache?apiKey=HYiAERrVecKWWdKay4Isl7E8F1OUCM1V HTTP/1.1" 200 3077 "-" "-" "-"
192.168.33.191 - - [25/Nov/2020:05:11:23 +0800] "GET /api/configureManager/getIpConfigCache?apiKey=HYiAERrVecKWWdKay4Isl7E8F1OUCM1V HTTP/1.1" 200 406 "-" "-" "-"
172.19.0.1 - - [25/Nov/2020:05:11:41 +0800] "POST /api/license/heartbeat HTTP/1.1" 200 52 "https://192.168.30.194:9999" "axios/0.18.1" "-"
172.19.0.1 - - [25/Nov/2020:05:12:12 +0800] "POST /api/license/heartbeat HTTP/1.1" 200 52 "https://192.168.30.194:9999" "axios/0.18.1" "-"
10.50.1.121 - - [25/Nov/2020:05:12:26 +0800] "GET /api/securityManager/getSecurityZoneCache?apiKey=HYiAERrVecKWWdKay4Isl7E8F1OUCM1V HTTP/1.1" 200 3077 "-" "Mozilla/5.0" "-"
10.50.1.121 - - [25/Nov/2020:05:12:26 +0800] "GET /api/configureManager/getIpConfigCache?apiKey=HYiAERrVecKWWdKay4Isl7E8F1OUCM1V HTTP/1.1" 200 406 "-" "Mozilla/5.0" "-"
10.14.0.99 - - [25/Nov/2020:05:12:36 +0800] "GET /api/operation/reminder?close=false HTTP/1.1" 200 97 "https://192.168.30.194/index.html" "Mozilla/5.0 (Windows NT 10.0; Win64; x64) AppleWebKit/537.36 (KHTML, like Gecko) Chrome/85.0.4183.83 Safari/537.36" "-"
172.19.0.1 - - [25/Nov/2020:05:12:42 +0800] "POST /api/license/heartbeat HTTP/1.1" 200 52 "https://192.168.30.194:9999" "axios/0.18.1" "-"
172.19.0.1 - - [25/Nov/2020:05:13:13 +0800] "POST /api/license/heartbeat HTTP/1.1" 200 52 "https://192.168.30.194:9999" "axios/0.18.1" "-"
10.11.44.192 - - [25/Nov/2020:05:13:37 +0800] "GET /api/securityPosture/direction/10/rankList/attackSourceCountry?beginTime=2020-11-19+00:00:00&endTime=2020-11-25+05:13:37&size=100 HTTP/1.1" 200 605 "https://192.168.30.194/index.html" "Mozilla/5.0 (Macintosh; Intel Mac OS X 10_15_7) AppleWebKit/537.36 (KHTML, like Gecko) Chrome/87.0.4280.67 Safari/537.36" "-"
10.11.44.192 - - [25/Nov/2020:05:13:37 +0800] "GET /api/securityPosture/direction/10/rankList/attackedAssetDomain?beginTime=2020-11-19+00:00:00&endTime=2020-11-25+05:13:37&size=100 HTTP/1.1" 200 475 "https://192.168.30.194/index.html" "Mozilla/5.0 (Macintosh; Intel Mac OS X 10_15_7) AppleWebKit/537.36 (KHTML, like Gecko) Chrome/87.0.4280.67 Safari/537.36" "-"
10.11.44.192 - - [25/Nov/2020:05:13:37 +0800] "GET /api/securityPosture/direction/10/rankList/attackSourceRegion?beginTime=2020-11-19+00:00:00&endTime=2020-11-25+05:13:37&size=100 HTTP/1.1" 200 1109 "https://192.168.30.194/index.html" "Mozilla/5.0 (Macintosh; Intel Mac OS X 10_15_7) AppleWebKit/537.36 (KHTML, like Gecko) Chrome/87.0.4280.67 Safari/537.36" "-"
10.11.44.192 - - [25/Nov/2020:05:13:37 +0800] "GET /api/securityPosture/direction/10/alarmTrend?beginTime=2020-11-19+00:00:00&endTime=2020-11-25+05:13:37 HTTP/1.1" 200 517 "https://192.168.30.194/index.html" "Mozilla/5.0 (Macintosh; Intel Mac OS X 10_15_7) AppleWebKit/537.36 (KHTML, like Gecko) Chrome/87.0.4280.67 Safari/537.36" "-"
10.11.44.192 - - [25/Nov/2020:05:13:37 +0800] "GET /api/securityPosture/direction/10/alarmStatistics?beginTime=2020-11-19+00:00:00&endTime=2020-11-25+05:13:37 HTTP/1.1" 200 256 "https://192.168.30.194/index.html" "Mozilla/5.0 (Macintosh; Intel Mac OS X 10_15_7) AppleWebKit/537.36 (KHTML, like Gecko) Chrome/87.0.4280.67 Safari/537.36" "-"
10.11.44.192 - - [25/Nov/2020:05:13:37 +0800] "GET /api/securityPosture/direction/10/rankList/attackType?beginTime=2020-11-19+00:00:00&endTime=2020-11-25+05:13:37&size=100 HTTP/1.1" 200 3487 "https://192.168.30.194/index.html" "Mozilla/5.0 (Macintosh; Intel Mac OS X 10_15_7) AppleWebKit/537.36 (KHTML, like Gecko) Chrome/87.0.4280.67 Safari/537.36" "-"
10.11.44.192 - - [25/Nov/2020:05:13:38 +0800] "GET /api/securityPosture/direction/10/rankList/attackSource?beginTime=2020-11-19+00:00:00&endTime=2020-11-25+05:13:37&size=100 HTTP/1.1" 200 3870 "https://192.168.30.194/index.html" "Mozilla/5.0 (Macintosh; Intel Mac OS X 10_15_7) AppleWebKit/537.36 (KHTML, like Gecko) Chrome/87.0.4280.67 Safari/537.36" "-"
10.11.44.192 - - [25/Nov/2020:05:13:38 +0800] "GET /api/securityPosture/direction/10/rankList/attackedAsset?beginTime=2020-11-19+00:00:00&endTime=2020-11-25+05:13:37&size=100 HTTP/1.1" 200 5849 "https://192.168.30.194/index.html" "Mozilla/5.0 (Macintosh; Intel Mac OS X 10_15_7) AppleWebKit/537.36 (KHTML, like Gecko) Chrome/87.0.4280.67 Safari/537.36" "-"
10.11.44.192 - - [25/Nov/2020:05:13:38 +0800] "GET /api/securityPosture/direction/10/alarmMap?beginTime=2020-11-19+00:00:00&endTime=2020-11-25+05:13:37 HTTP/1.1" 200 5472 "https://192.168.30.194/index.html" "Mozilla/5.0 (Macintosh; Intel Mac OS X 10_15_7) AppleWebKit/537.36 (KHTML, like Gecko) Chrome/87.0.4280.67 Safari/537.36" "-"
10.11.44.192 - - [25/Nov/2020:05:13:38 +0800] "GET /api/securityPosture/direction/10/realTimeAlarmScroll?beginTime=2020-11-19+00:00:00&endTime=2020-11-25+05:13:37&size=50 HTTP/1.1" 200 40019 "https://192.168.30.194/index.html" "Mozilla/5.0 (Macintosh; Intel Mac OS X 10_15_7) AppleWebKit/537.36 (KHTML, like Gecko) Chrome/87.0.4280.67 Safari/537.36" "-"
10.11.44.192 - - [25/Nov/2020:05:13:38 +0800] "GET /api/securityPosture/direction/10/killChainStatistics?beginTime=2020-11-19+00:00:00&endTime=2020-11-25+05:13:37 HTTP/1.1" 200 6067 "https://192.168.30.194/index.html" "Mozilla/5.0 (Macintosh; Intel Mac OS X 10_15_7) AppleWebKit/537.36 (KHTML, like Gecko) Chrome/87.0.4280.67 Safari/537.36" "-"
172.19.0.1 - - [25/Nov/2020:05:13:44 +0800] "POST /api/license/heartbeat HTTP/1.1" 200 52 "https://192.168.30.194:9999" "axios/0.18.1" "-"
192.168.33.165 - - [25/Nov/2020:05:14:03 +0800] "GET /api/securityManager/getSecurityZoneCache?apiKey=HYiAERrVecKWWdKay4Isl7E8F1OUCM1V HTTP/1.1" 200 3077 "-" "-" "-"
192.168.33.165 - - [25/Nov/2020:05:14:03 +0800] "GET /api/configureManager/getIpConfigCache?apiKey=HYiAERrVecKWWdKay4Isl7E8F1OUCM1V HTTP/1.1" 200 406 "-" "-" "-"
192.168.33.165 - - [25/Nov/2020:05:14:03 +0800] "POST /api/correlation/dpi?types=Rule%20Engine&types=IntelligenceCollision HTTP/1.1" 302 0 "-" "-" "-"
172.19.0.1 - - [25/Nov/2020:05:14:15 +0800] "POST /api/license/heartbeat HTTP/1.1" 200 52 "https://192.168.30.194:9999" "axios/0.18.1" "-"
172.19.0.1 - - [25/Nov/2020:05:14:45 +0800] "POST /api/license/heartbeat HTTP/1.1" 200 52 "https://192.168.30.194:9999" "axios/0.18.1" "-"
172.19.0.1 - - [25/Nov/2020:05:15:16 +0800] "POST /api/license/heartbeat HTTP/1.1" 200 52 "https://192.168.30.194:9999" "axios/0.18.1" "-"
10.11.35.255 - - [25/Nov/2020:05:15:23 +0800] "GET /api/operation/reminder?close=false HTTP/1.1" 200 97 "https://192.168.30.194/" "Mozilla/5.0 (Windows NT 10.0; Win64; x64) AppleWebKit/537.36 (KHTML, like Gecko) Chrome/86.0.4240.111 Safari/537.36" "-"
172.19.0.1 - - [25/Nov/2020:05:15:47 +0800] "POST /api/license/heartbeat HTTP/1.1" 200 52 "https://192.168.30.194:9999" "axios/0.18.1" "-"
172.19.0.1 - - [25/Nov/2020:05:16:19 +0800] "POST /api/license/heartbeat HTTP/1.1" 200 52 "https://192.168.30.194:9999" "axios/0.18.1" "-"
10.14.0.163 - - [25/Nov/2020:05:16:40 +0800] "GET /api/operation/reminder?close=false HTTP/1.1" 200 97 "https://192.168.30.194/index.html" "Mozilla/5.0 (Windows NT 10.0; Win64; x64) AppleWebKit/537.36 (KHTML, like Gecko) Chrome/87.0.4280.66 Safari/537.36" "-"
172.19.0.1 - - [25/Nov/2020:05:16:50 +0800] "POST /api/license/heartbeat HTTP/1.1" 200 52 "https://192.168.30.194:9999" "axios/0.18.1" "-"
10.50.2.50 - - [25/Nov/2020:05:17:15 +0800] "POST /api/edr/asset/bvs/info?apiKey=HYiAERrVecKWWdKay4Isl7E8F1OUCM1V HTTP/1.1" 200 77 "-" "Java/1.8.0_111" "-"
10.50.2.50 - - [25/Nov/2020:05:17:15 +0800] "POST /api/edr/asset/bvs/info?apiKey=HYiAERrVecKWWdKay4Isl7E8F1OUCM1V HTTP/1.1" 200 77 "-" "Java/1.8.0_111" "-"
172.19.0.1 - - [25/Nov/2020:05:17:20 +0800] "POST /api/license/heartbeat HTTP/1.1" 200 52 "https://192.168.30.194:9999" "axios/0.18.1" "-"
192.168.33.191 - - [25/Nov/2020:05:17:24 +0800] "GET /api/securityManager/getSecurityZoneCache?apiKey=HYiAERrVecKWWdKay4Isl7E8F1OUCM1V HTTP/1.1" 200 3077 "-" "-" "-"
192.168.33.191 - - [25/Nov/2020:05:17:24 +0800] "GET /api/configureManager/getIpConfigCache?apiKey=HYiAERrVecKWWdKay4Isl7E8F1OUCM1V HTTP/1.1" 200 406 "-" "-" "-"
10.50.1.121 - - [25/Nov/2020:05:17:26 +0800] "GET /api/securityManager/getSecurityZoneCache?apiKey=HYiAERrVecKWWdKay4Isl7E8F1OUCM1V HTTP/1.1" 200 3077 "-" "Mozilla/5.0" "-"
10.50.1.121 - - [25/Nov/2020:05:17:26 +0800] "GET /api/configureManager/getIpConfigCache?apiKey=HYiAERrVecKWWdKay4Isl7E8F1OUCM1V HTTP/1.1" 200 406 "-" "Mozilla/5.0" "-"
10.11.35.255 - - [25/Nov/2020:05:17:31 +0800] "GET /api/operation/reminder?close=false HTTP/1.1" 200 97 "https://192.168.30.194/index.html" "Mozilla/5.0 (Windows NT 10.0; Win64; x64) AppleWebKit/537.36 (KHTML, like Gecko) Chrome/86.0.4240.111 Safari/537.36" "-"
10.11.35.255 - - [25/Nov/2020:05:17:38 +0800] "GET /api/operation/reminder?close=false HTTP/1.1" 200 97 "https://192.168.30.194/index.html" "Mozilla/5.0 (Windows NT 10.0; Win64; x64) AppleWebKit/537.36 (KHTML, like Gecko) Chrome/86.0.4240.111 Safari/537.36" "-"
172.19.0.1 - - [25/Nov/2020:05:17:51 +0800] "POST /api/license/heartbeat HTTP/1.1" 200 52 "https://192.168.30.194:9999" "axios/0.18.1" "-"
172.19.0.1 - - [25/Nov/2020:05:18:22 +0800] "POST /api/license/heartbeat HTTP/1.1" 200 52 "https://192.168.30.194:9999" "axios/0.18.1" "-"
10.11.44.192 - - [25/Nov/2020:05:18:37 +0800] "GET /api/securityPosture/direction/10/rankList/attackedAssetDomain?beginTime=2020-11-19+00:00:00&endTime=2020-11-25+05:18:37&size=100 HTTP/1.1" 200 475 "https://192.168.30.194/index.html" "Mozilla/5.0 (Macintosh; Intel Mac OS X 10_15_7) AppleWebKit/537.36 (KHTML, like Gecko) Chrome/87.0.4280.67 Safari/537.36" "-"
10.11.44.192 - - [25/Nov/2020:05:18:37 +0800] "GET /api/securityPosture/direction/10/rankList/attackSourceCountry?beginTime=2020-11-19+00:00:00&endTime=2020-11-25+05:18:37&size=100 HTTP/1.1" 200 605 "https://192.168.30.194/index.html" "Mozilla/5.0 (Macintosh; Intel Mac OS X 10_15_7) AppleWebKit/537.36 (KHTML, like Gecko) Chrome/87.0.4280.67 Safari/537.36" "-"
10.11.44.192 - - [25/Nov/2020:05:18:37 +0800] "GET /api/securityPosture/direction/10/rankList/attackSourceRegion?beginTime=2020-11-19+00:00:00&endTime=2020-11-25+05:18:37&size=100 HTTP/1.1" 200 1109 "https://192.168.30.194/index.html" "Mozilla/5.0 (Macintosh; Intel Mac OS X 10_15_7) AppleWebKit/537.36 (KHTML, like Gecko) Chrome/87.0.4280.67 Safari/537.36" "-"
10.11.44.192 - - [25/Nov/2020:05:18:37 +0800] "GET /api/securityPosture/direction/10/rankList/attackType?beginTime=2020-11-19+00:00:00&endTime=2020-11-25+05:18:37&size=100 HTTP/1.1" 200 3487 "https://192.168.30.194/index.html" "Mozilla/5.0 (Macintosh; Intel Mac OS X 10_15_7) AppleWebKit/537.36 (KHTML, like Gecko) Chrome/87.0.4280.67 Safari/537.36" "-"
10.11.44.192 - - [25/Nov/2020:05:18:37 +0800] "GET /api/securityPosture/direction/10/rankList/attackSource?beginTime=2020-11-19+00:00:00&endTime=2020-11-25+05:18:37&size=100 HTTP/1.1" 200 3876 "https://192.168.30.194/index.html" "Mozilla/5.0 (Macintosh; Intel Mac OS X 10_15_7) AppleWebKit/537.36 (KHTML, like Gecko) Chrome/87.0.4280.67 Safari/537.36" "-"
10.11.44.192 - - [25/Nov/2020:05:18:37 +0800] "GET /api/securityPosture/direction/10/alarmTrend?beginTime=2020-11-19+00:00:00&endTime=2020-11-25+05:18:37 HTTP/1.1" 200 517 "https://192.168.30.194/index.html" "Mozilla/5.0 (Macintosh; Intel Mac OS X 10_15_7) AppleWebKit/537.36 (KHTML, like Gecko) Chrome/87.0.4280.67 Safari/537.36" "-"
10.11.44.192 - - [25/Nov/2020:05:18:37 +0800] "GET /api/securityPosture/direction/10/rankList/attackedAsset?beginTime=2020-11-19+00:00:00&endTime=2020-11-25+05:18:37&size=100 HTTP/1.1" 200 5843 "https://192.168.30.194/index.html" "Mozilla/5.0 (Macintosh; Intel Mac OS X 10_15_7) AppleWebKit/537.36 (KHTML, like Gecko) Chrome/87.0.4280.67 Safari/537.36" "-"
10.11.44.192 - - [25/Nov/2020:05:18:37 +0800] "GET /api/securityPosture/direction/10/alarmStatistics?beginTime=2020-11-19+00:00:00&endTime=2020-11-25+05:18:37 HTTP/1.1" 200 256 "https://192.168.30.194/index.html" "Mozilla/5.0 (Macintosh; Intel Mac OS X 10_15_7) AppleWebKit/537.36 (KHTML, like Gecko) Chrome/87.0.4280.67 Safari/537.36" "-"
10.11.44.192 - - [25/Nov/2020:05:18:38 +0800] "GET /api/securityPosture/direction/10/alarmMap?beginTime=2020-11-19+00:00:00&endTime=2020-11-25+05:18:37 HTTP/1.1" 200 5490 "https://192.168.30.194/index.html" "Mozilla/5.0 (Macintosh; Intel Mac OS X 10_15_7) AppleWebKit/537.36 (KHTML, like Gecko) Chrome/87.0.4280.67 Safari/537.36" "-"
10.11.44.192 - - [25/Nov/2020:05:18:38 +0800] "GET /api/securityPosture/direction/10/realTimeAlarmScroll?beginTime=2020-11-19+00:00:00&endTime=2020-11-25+05:18:37&size=50 HTTP/1.1" 200 40097 "https://192.168.30.194/index.html" "Mozilla/5.0 (Macintosh; Intel Mac OS X 10_15_7) AppleWebKit/537.36 (KHTML, like Gecko) Chrome/87.0.4280.67 Safari/537.36" "-"
10.11.44.192 - - [25/Nov/2020:05:18:38 +0800] "GET /api/securityPosture/direction/10/killChainStatistics?beginTime=2020-11-19+00:00:00&endTime=2020-11-25+05:18:37 HTTP/1.1" 200 6045 "https://192.168.30.194/index.html" "Mozilla/5.0 (Macintosh; Intel Mac OS X 10_15_7) AppleWebKit/537.36 (KHTML, like Gecko) Chrome/87.0.4280.67 Safari/537.36" "-"
172.19.0.1 - - [25/Nov/2020:05:18:52 +0800] "POST /api/license/heartbeat HTTP/1.1" 200 52 "https://192.168.30.194:9999" "axios/0.18.1" "-"
10.11.44.192 - - [25/Nov/2020:05:18:56 +0800] "GET /api/operation/reminder?close=false HTTP/1.1" 200 97 "https://192.168.30.194/index.html" "Mozilla/5.0 (Macintosh; Intel Mac OS X 10_15_7) AppleWebKit/537.36 (KHTML, like Gecko) Chrome/87.0.4280.67 Safari/537.36" "-"
72.118.1.32 - - [25/Nov/2020:05:18:59 +0800] "GET /baas/api/v1/strategy/ai/enable?apiKey=HYiAERrVecKWWdKay4Isl7E8F1OUCM1V HTTP/1.1" 200 15072 "-" "okhttp/3.2.0" "-"
172.19.0.1 - - [25/Nov/2020:05:19:23 +0800] "POST /api/license/heartbeat HTTP/1.1" 200 52 "https://192.168.30.194:9999" "axios/0.18.1" "-"
10.20.48.207 - - [25/Nov/2020:05:19:49 +0800] "GET /api/operation/reminder?close=false HTTP/1.1" 200 97 "https://192.168.30.194/index.html" "Mozilla/5.0 (Windows NT 6.1; Win64; x64) AppleWebKit/537.36 (KHTML, like Gecko) Chrome/84.0.4147.135 Safari/537.36" "-"
172.19.0.1 - - [25/Nov/2020:05:19:54 +0800] "POST /api/license/heartbeat HTTP/1.1" 200 52 "https://192.168.30.194:9999" "axios/0.18.1" "-"
196.52.43.86 - - [25/Nov/2020:05:20:01 +0800] "GET / HTTP/1.1" 400 657 "-" "Mozilla/5.0 (X11; Linux x86_64) AppleWebKit/537.36 (KHTML, like Gecko) Chrome/72.0.3602.2 Safari/537.36" "-"
192.168.33.165 - - [25/Nov/2020:05:20:03 +0800] "GET /api/securityManager/getSecurityZoneCache?apiKey=HYiAERrVecKWWdKay4Isl7E8F1OUCM1V HTTP/1.1" 200 3077 "-" "-" "-"
192.168.33.165 - - [25/Nov/2020:05:20:03 +0800] "GET /api/configureManager/getIpConfigCache?apiKey=HYiAERrVecKWWdKay4Isl7E8F1OUCM1V HTTP/1.1" 200 406 "-" "-" "-"
192.168.33.165 - - [25/Nov/2020:05:20:03 +0800] "POST /api/correlation/dpi?types=Rule%20Engine&types=IntelligenceCollision HTTP/1.1" 302 0 "-" "-" "-"
192.168.30.119 - - [25/Nov/2020:05:20:23 +0800] "GET /api/configureManager/getIpConfigCache?apiKey=HYiAERrVecKWWdKay4Isl7E8F1OUCM1V HTTP/1.1" 200 406 "-" "Apache-HttpClient/4.5.9 (Java/1.8.0_201)" "-"
192.168.30.119 - - [25/Nov/2020:05:20:23 +0800] "GET /api/securityManager/getSecurityZoneCache?apiKey=HYiAERrVecKWWdKay4Isl7E8F1OUCM1V HTTP/1.1" 200 3077 "-" "Apache-HttpClient/4.5.9 (Java/1.8.0_201)" "-"
172.19.0.1 - - [25/Nov/2020:05:20:25 +0800] "POST /api/license/heartbeat HTTP/1.1" 200 52 "https://192.168.30.194:9999" "axios/0.18.1" "-"
172.19.0.1 - - [25/Nov/2020:05:20:55 +0800] "POST /api/license/heartbeat HTTP/1.1" 200 52 "https://192.168.30.194:9999" "axios/0.18.1" "-"
172.19.0.1 - - [25/Nov/2020:05:21:26 +0800] "POST /api/license/heartbeat HTTP/1.1" 200 52 "https://192.168.30.194:9999" "axios/0.18.1" "-"
172.19.0.1 - - [25/Nov/2020:05:21:57 +0800] "POST /api/license/heartbeat HTTP/1.1" 200 52 "https://192.168.30.194:9999" "axios/0.18.1" "-"
10.50.1.121 - - [25/Nov/2020:05:22:26 +0800] "GET /api/securityManager/getSecurityZoneCache?apiKey=HYiAERrVecKWWdKay4Isl7E8F1OUCM1V HTTP/1.1" 200 3077 "-" "Mozilla/5.0" "-"
10.50.1.121 - - [25/Nov/2020:05:22:26 +0800] "GET /api/configureManager/getIpConfigCache?apiKey=HYiAERrVecKWWdKay4Isl7E8F1OUCM1V HTTP/1.1" 200 406 "-" "Mozilla/5.0" "-"
172.19.0.1 - - [25/Nov/2020:05:22:28 +0800] "POST /api/license/heartbeat HTTP/1.1" 200 52 "https://192.168.30.194:9999" "axios/0.18.1" "-"
10.14.0.99 - - [25/Nov/2020:05:22:36 +0800] "GET /api/operation/reminder?close=false HTTP/1.1" 200 97 "https://192.168.30.194/index.html" "Mozilla/5.0 (Windows NT 10.0; Win64; x64) AppleWebKit/537.36 (KHTML, like Gecko) Chrome/85.0.4183.83 Safari/537.36" "-"
